Archive member included because of file (symbol)

C:\Users\Marius\Arduino\ArduinoLibraries\Release\libArduinoLibraries.a(NewSoftSerial.o)
                              ./main.o (NewSoftSerial::~NewSoftSerial())
C:\Users\Marius\Arduino\ArduinoLibraries\Release\libArduinoLibraries.a(EEPROM.o)
                              ./main.o (EEPROMClass::write(int, unsigned char))
C:\Users\Marius\Arduino\ArduinoCore\Release\libArduinoCore.a(HardwareSerial.o)
                              ./main.o (HardwareSerial::begin(long))
C:\Users\Marius\Arduino\ArduinoCore\Release\libArduinoCore.a(Print.o)
                              C:\Users\Marius\Arduino\ArduinoLibraries\Release\libArduinoLibraries.a(NewSoftSerial.o) (Print::write(char const*))
C:\Users\Marius\Arduino\ArduinoCore\Release\libArduinoCore.a(WString.o)
                              C:\Users\Marius\Arduino\ArduinoCore\Release\libArduinoCore.a(Print.o) (String::operator[](unsigned int) const)
C:\Users\Marius\Arduino\ArduinoCore\Release\libArduinoCore.a(pins_arduino.o)
                              C:\Users\Marius\Arduino\ArduinoLibraries\Release\libArduinoLibraries.a(NewSoftSerial.o) (port_to_output_PGM)
C:\Users\Marius\Arduino\ArduinoCore\Release\libArduinoCore.a(wiring.o)
                              ./main.o (delay)
C:\Users\Marius\Arduino\ArduinoCore\Release\libArduinoCore.a(wiring_digital.o)
                              ./main.o (pinMode)
c:/winavr/bin/../lib/gcc/avr/4.3.3/avr5\libgcc.a(_divmodhi4.o)
                              C:\Users\Marius\Arduino\ArduinoLibraries\Release\libArduinoLibraries.a(NewSoftSerial.o) (__divmodhi4)
c:/winavr/bin/../lib/gcc/avr/4.3.3/avr5\libgcc.a(_udivmodsi4.o)
                              C:\Users\Marius\Arduino\ArduinoCore\Release\libArduinoCore.a(HardwareSerial.o) (__udivmodsi4)
c:/winavr/bin/../lib/gcc/avr/4.3.3/avr5\libgcc.a(_exit.o)
                              c:/winavr/bin/../lib/gcc/avr/4.3.3/../../../../avr/lib/avr5/crtm328p.o (exit)
c:/winavr/bin/../lib/gcc/avr/4.3.3/avr5\libgcc.a(_copy_data.o)
                              ./main.o (__do_copy_data)
c:/winavr/bin/../lib/gcc/avr/4.3.3/avr5\libgcc.a(_clear_bss.o)
                              ./main.o (__do_clear_bss)
c:/winavr/bin/../lib/gcc/avr/4.3.3/avr5\libgcc.a(_ctors.o)
                              ./main.o (__do_global_ctors)
c:/winavr/bin/../lib/gcc/avr/4.3.3/avr5\libgcc.a(_dtors.o)
                              ./main.o (__do_global_dtors)
c:/winavr/bin/../lib/gcc/avr/4.3.3/avr5\libgcc.a(_fixunssfsi.o)
                              C:\Users\Marius\Arduino\ArduinoCore\Release\libArduinoCore.a(Print.o) (__fixunssfsi)
c:/winavr/bin/../lib/gcc/avr/4.3.3/avr5\libgcc.a(_addsub_sf.o)
                              C:\Users\Marius\Arduino\ArduinoCore\Release\libArduinoCore.a(Print.o) (__subsf3)
c:/winavr/bin/../lib/gcc/avr/4.3.3/avr5\libgcc.a(_mul_sf.o)
                              C:\Users\Marius\Arduino\ArduinoCore\Release\libArduinoCore.a(Print.o) (__mulsf3)
c:/winavr/bin/../lib/gcc/avr/4.3.3/avr5\libgcc.a(_div_sf.o)
                              C:\Users\Marius\Arduino\ArduinoCore\Release\libArduinoCore.a(Print.o) (__divsf3)
c:/winavr/bin/../lib/gcc/avr/4.3.3/avr5\libgcc.a(_ge_sf.o)
                              c:/winavr/bin/../lib/gcc/avr/4.3.3/avr5\libgcc.a(_fixunssfsi.o) (__gesf2)
c:/winavr/bin/../lib/gcc/avr/4.3.3/avr5\libgcc.a(_lt_sf.o)
                              C:\Users\Marius\Arduino\ArduinoCore\Release\libArduinoCore.a(Print.o) (__ltsf2)
c:/winavr/bin/../lib/gcc/avr/4.3.3/avr5\libgcc.a(_si_to_sf.o)
                              C:\Users\Marius\Arduino\ArduinoCore\Release\libArduinoCore.a(Print.o) (__floatsisf)
c:/winavr/bin/../lib/gcc/avr/4.3.3/avr5\libgcc.a(_sf_to_si.o)
                              C:\Users\Marius\Arduino\ArduinoCore\Release\libArduinoCore.a(Print.o) (__fixsfsi)
c:/winavr/bin/../lib/gcc/avr/4.3.3/avr5\libgcc.a(_thenan_sf.o)
                              c:/winavr/bin/../lib/gcc/avr/4.3.3/avr5\libgcc.a(_addsub_sf.o) (__thenan_sf)
c:/winavr/bin/../lib/gcc/avr/4.3.3/avr5\libgcc.a(_usi_to_sf.o)
                              C:\Users\Marius\Arduino\ArduinoCore\Release\libArduinoCore.a(Print.o) (__floatunsisf)
c:/winavr/bin/../lib/gcc/avr/4.3.3/avr5\libgcc.a(_udivmodhi4.o)
                              c:/winavr/bin/../lib/gcc/avr/4.3.3/avr5\libgcc.a(_divmodhi4.o) (__udivmodhi4)
c:/winavr/bin/../lib/gcc/avr/4.3.3/avr5\libgcc.a(_prologue.o)
                              c:/winavr/bin/../lib/gcc/avr/4.3.3/avr5\libgcc.a(_addsub_sf.o) (__prologue_saves__)
c:/winavr/bin/../lib/gcc/avr/4.3.3/avr5\libgcc.a(_epilogue.o)
                              c:/winavr/bin/../lib/gcc/avr/4.3.3/avr5\libgcc.a(_addsub_sf.o) (__epilogue_restores__)
c:/winavr/bin/../lib/gcc/avr/4.3.3/avr5\libgcc.a(_tablejump.o)
                              c:/winavr/bin/../lib/gcc/avr/4.3.3/avr5\libgcc.a(_ctors.o) (__tablejump__)
c:/winavr/bin/../lib/gcc/avr/4.3.3/avr5\libgcc.a(_clzsi2.o)
[...]
Memory Configuration

Name             Origin             Length             Attributes
text             0x00000000         0x00020000         xr
data             0x00800060         0x0000ffa0         rw !x
eeprom           0x00810000         0x00010000         rw !x
fuse             0x00820000         0x00000400         rw !x
lock             0x00830000         0x00000400         rw !x
signature        0x00840000         0x00000400         rw !x
*default*        0x00000000         0xffffffff

Linker script and memory map

Address of section .data set to 0x800100
LOAD c:/winavr/bin/../lib/gcc/avr/4.3.3/../../../../avr/lib/avr5/crtm328p.o
LOAD ./main.o
LOAD C:\Users\Marius\Arduino\ArduinoLibraries\Release\libArduinoLibraries.a
LOAD c:/winavr/bin/../lib/gcc/avr/4.3.3/../../../../avr/lib/avr5\libprintf_flt.a
LOAD c:/winavr/bin/../lib/gcc/avr/4.3.3/../../../../avr/lib/avr5\libscanf_flt.a
LOAD C:\Users\Marius\Arduino\ArduinoCore\Release\libArduinoCore.a
LOAD c:/winavr/bin/../lib/gcc/avr/4.3.3/avr5\libgcc.a
LOAD c:/winavr/bin/../lib/gcc/avr/4.3.3/../../../../avr/lib/avr5\libm.a
LOAD c:/winavr/bin/../lib/gcc/avr/4.3.3/../../../../avr/lib/avr5\libc.a
LOAD c:/winavr/bin/../lib/gcc/avr/4.3.3/avr5\libgcc.a
LOAD c:/winavr/bin/../lib/gcc/avr/4.3.3/../../../../avr/lib/avr5\libc.a
LOAD c:/winavr/bin/../lib/gcc/avr/4.3.3/avr5\libgcc.a

.hash
 *(.hash)

.dynsym
 *(.dynsym)

.dynstr
 *(.dynstr)

.gnu.version
 *(.gnu.version)

.gnu.version_d
 *(.gnu.version_d)

.gnu.version_r
 *(.gnu.version_r)

.rel.init
 *(.rel.init)

.rela.init
 *(.rela.init)

.rel.text
 *(.rel.text)
 *(.rel.text.*)
 *(.rel.gnu.linkonce.t*)

.rela.text
 *(.rela.text)
 *(.rela.text.*)
 *(.rela.gnu.linkonce.t*)

.rel.fini
 *(.rel.fini)

.rela.fini
 *(.rela.fini)

.rel.rodata
 *(.rel.rodata)
 *(.rel.rodata.*)
 *(.rel.gnu.linkonce.r*)

.rela.rodata
 *(.rela.rodata)
 *(.rela.rodata.*)
 *(.rela.gnu.linkonce.r*)

.rel.data
 *(.rel.data)
 *(.rel.data.*)
 *(.rel.gnu.linkonce.d*)

.rela.data
 *(.rela.data)
 *(.rela.data.*)
 *(.rela.gnu.linkonce.d*)

.rel.ctors
 *(.rel.ctors)

.rela.ctors
 *(.rela.ctors)

.rel.dtors
 *(.rel.dtors)

.rela.dtors
 *(.rela.dtors)

.rel.got
 *(.rel.got)

.rela.got
 *(.rela.got)

.rel.bss
 *(.rel.bss)

.rela.bss
 *(.rela.bss)

.rel.plt
 *(.rel.plt)

.rela.plt
 *(.rela.plt)

.text           0x00000000     0x3acc
 *(.vectors)
 .vectors       0x00000000       0x68 c:/winavr/bin/../lib/gcc/avr/4.3.3/../../../../avr/lib/avr5/crtm328p.o
                0x00000000                __vectors
                0x00000000                __vector_default
 *(.vectors)
 *(.progmem.gcc*)
 *(.progmem*)
 .progmem.data  0x00000068       0x90 C:\Users\Marius\Arduino\ArduinoLibraries\Release\libArduinoLibraries.a(NewSoftSerial.o)
 .progmem.data  0x000000f8       0x5a C:\Users\Marius\Arduino\ArduinoCore\Release\libArduinoCore.a(pins_arduino.o)
                0x000000f8                port_to_mode_PGM
                0x00000116                digital_pin_to_port_PGM
                0x0000012a                digital_pin_to_bit_mask_PGM
                0x00000102                port_to_output_PGM
                0x0000010c                port_to_input_PGM
                0x0000013e                digital_pin_to_timer_PGM
                0x00000152                . = ALIGN (0x2)
                0x00000152                __trampolines_start = .
 *(.trampolines)
 .trampolines   0x00000152        0x0 linker stubs
 *(.trampolines*)
                0x00000152                __trampolines_end = .
 *(.jumptables)
 *(.jumptables*)
 *(.lowtext)
 *(.lowtext*)
                0x00000152                __ctors_start = .
 *(.ctors)
 .ctors         0x00000152        0x2 ./main.o
 .ctors         0x00000154        0x2 C:\Users\Marius\Arduino\ArduinoCore\Release\libArduinoCore.a(HardwareSerial.o)
                0x00000156                __ctors_end = .
                0x00000156                __dtors_start = .
 *(.dtors)
 .dtors         0x00000156        0x2 ./main.o
                0x00000158                __dtors_end = .
 SORT(*)(.ctors)
 SORT(*)(.dtors)
 *(.init0)
 .init0         0x00000158        0x0 c:/winavr/bin/../lib/gcc/avr/4.3.3/../../../../avr/lib/avr5/crtm328p.o
                0x00000158                __init
 *(.init0)
 *(.init1)
 *(.init1)
 *(.init2)
 .init2         0x00000158        0xc c:/winavr/bin/../lib/gcc/avr/4.3.3/../../../../avr/lib/avr5/crtm328p.o
 *(.init2)
 *(.init3)
 *(.init3)
 *(.init4)
 .init4         0x00000164       0x16 c:/winavr/bin/../lib/gcc/avr/4.3.3/avr5\libgcc.a(_copy_data.o)
                0x00000164                __do_copy_data
 .init4         0x0000017a       0x10 c:/winavr/bin/../lib/gcc/avr/4.3.3/avr5\libgcc.a(_clear_bss.o)
                0x0000017a                __do_clear_bss
 *(.init4)
 *(.init5)
 *(.init5)
 *(.init6)
 .init6         0x0000018a       0x16 c:/winavr/bin/../lib/gcc/avr/4.3.3/avr5\libgcc.a(_ctors.o)
                0x0000018a                __do_global_ctors
 *(.init6)
 *(.init7)
 *(.init7)
 *(.init8)
 *(.init8)
 *(.init9)
 .init9         0x000001a0        0x8 c:/winavr/bin/../lib/gcc/avr/4.3.3/../../../../avr/lib/avr5/crtm328p.o
 *(.init9)
 *(.text)
 .text          0x000001a8        0x4 c:/winavr/bin/../lib/gcc/avr/4.3.3/../../../../avr/lib/avr5/crtm328p.o
                0x000001a8                __vector_22
                0x000001a8                __vector_1
                0x000001a8                __vector_24
                0x000001a8                __vector_12
                0x000001a8                __bad_interrupt
                0x000001a8                __vector_6
                0x000001a8                __vector_23
                0x000001a8                __vector_25
                0x000001a8                __vector_11
                0x000001a8                __vector_13
                0x000001a8                __vector_17
                0x000001a8                __vector_19
                0x000001a8                __vector_7
                0x000001a8                __vector_5
                0x000001a8                __vector_4
                0x000001a8                __vector_9
                0x000001a8                __vector_21
                0x000001a8                __vector_15
                0x000001a8                __vector_8
                0x000001a8                __vector_14
                0x000001a8                __vector_10
                0x000001a8                __vector_20
 .text          0x000001ac      0x5c4 C:\Users\Marius\Arduino\ArduinoLibraries\Release\libArduinoLibraries.a(NewSoftSerial.o)
                0x00000392                NewSoftSerial::~NewSoftSerial()
                0x000002d6                NewSoftSerial::rx_pin_read()
                0x000004b6                NewSoftSerial::available()
                0x00000634                NewSoftSerial::setRX(unsigned char)
                0x0000033e                __vector_3
                0x000001e4                NewSoftSerial::recv()
                0x000005fa                NewSoftSerial::enable_timer0(bool)
                0x000002b8                NewSoftSerial::tx_pin_write(unsigned char)
                0x00000728                NewSoftSerial::NewSoftSerial(unsigned char, unsigned char, bool)
                0x000001ac                NewSoftSerial::activate()
                0x000003aa                NewSoftSerial::begin(long)
                0x000002ea                __vector_2
                0x0000068a                NewSoftSerial::setTX(unsigned char)
                0x00000478                NewSoftSerial::end()
                0x0000047a                NewSoftSerial::read()
                0x00000612                NewSoftSerial::flush()
                0x000006e0                NewSoftSerial::NewSoftSerial(unsigned char, unsigned char, bool)
                0x0000039e                NewSoftSerial::~NewSoftSerial()
                0x000004de                NewSoftSerial::write(unsigned char)
 .text          0x00000770       0x12 C:\Users\Marius\Arduino\ArduinoLibraries\Release\libArduinoLibraries.a(EEPROM.o)
                0x0000077a                EEPROMClass::read(int)
                0x00000770                EEPROMClass::write(int, unsigned char)
 .text          0x00000782      0x378 C:\Users\Marius\Arduino\ArduinoCore\Release\libArduinoCore.a(HardwareSerial.o)
                0x000009cc                HardwareSerial::peek()
                0x000009aa                HardwareSerial::available()
                0x00000a60                HardwareSerial::write(unsigned char)
                0x000008a4                HardwareSerial::begin(long)
                0x00000a48                HardwareSerial::flush()
                0x00000956                HardwareSerial::end()
                0x00000844                HardwareSerial::HardwareSerial(ring_buffer*, unsigned char volatile*, unsigned char volatile*, unsigned char volatile*, unsigned char volatile*, unsigned char volatile*, unsigned char, unsigned char, unsigned char, unsigned char, unsigned char)
                0x000007e4                HardwareSerial::HardwareSerial(ring_buffer*, unsigned char volatile*, unsigned char volatile*, unsigned char volatile*, unsigned char volatile*, unsigned char volatile*, unsigned char, unsigned char, unsigned char, unsigned char, unsigned char)
                0x00000a00                HardwareSerial::read()
                0x00000782                __vector_18
 .text          0x00000afa      0x5a6 C:\Users\Marius\Arduino\ArduinoCore\Release\libArduinoCore.a(Print.o)
                0x00000ed6                Print::println(String const&)
                0x00000e5a                Print::println(unsigned int, int)
                0x00000e16                Print::println()
                0x00000f02                Print::println(int, int)
                0x00000bcc                Print::printNumber(unsigned long, unsigned char)
                0x00000b2a                Print::write(unsigned char const*, unsigned int)
                0x00001084                Print::print(double, int)
                0x00000df2                Print::print(char, int)
                0x00000afa                Print::write(char const*)
                0x00000f6c                Print::printFloat(double, unsigned char)
                0x00000dcc                Print::print(int, int)
                0x00000d3c                Print::print(unsigned char, int)
                0x00000ec0                Print::println(char const*)
                0x00000e8c                Print::println(unsigned char, int)
                0x00000f38                Print::println(char, int)
                0x00000d1a                Print::print(unsigned int, int)
                0x00000b68                Print::print(char const*)
                0x00000cfc                Print::print(unsigned long, int)
                0x00000eec                Print::println(long, int)
                0x0000108a                Print::println(double, int)
                0x00000d60                Print::print(long, int)
                0x00000e44                Print::println(unsigned long, int)
                0x00000b78                Print::print(String const&)
 .text          0x000010a0     0x101a C:\Users\Marius\Arduino\ArduinoCore\Release\libArduinoCore.a(WString.o)
                0x000010b0                String::setCharAt(unsigned int, char)
                0x00001496                String::operator+=(String const&)
                0x00001be0                String::lastIndexOf(String const&) const
                0x000011c0                String::startsWith(String const&, unsigned int) const
                0x00001390                String::operator>=(String const&) const
                0x00001afe                String::substring(unsigned int) const
                0x000016d0                String::String(unsigned long, int)
                0x00001a90                String::substring(unsigned int, unsigned int) const
                0x00001118                String::toCharArray(char*, unsigned int)
                0x000010d2                String::operator[](unsigned int)
                0x0000110c                String::toInt()
                0x00001986                String::toLowerCase() const
                0x00001664                String::String(String const&)
                0x0000129c                String::indexOf(String const&, unsigned int) const
                0x000010fc                String::operator[](unsigned int) const
                0x00001914                String::toUpperCase() const
                0x00001630                String::String(char)
                0x00001420                String::operator!=(String const&) const
                0x00001506                String::concat(String const&)
                0x000010a0                String::charAt(unsigned int) const
                0x000011fc                String::startsWith(String const&) const
                0x00001450                String::operator==(String const&) const
                0x00001e08                String::replace(char, char)
                0x000011a0                String::~String()
                0x0000169a                String::String(String const&)
                0x0000131a                String::indexOf(char) const
                0x00001534                String::operator=(String const&)
                0x00001ed6                String::String(long, int)
                0x00001848                String::String(unsigned int, int)
                0x00001594                String::String(unsigned char)
                0x0000150c                String::getBuffer(unsigned int)
                0x00001356                String::endsWith(String const&) const
                0x00001bfc                String::trim() const
                0x00001fca                String::String(int, int)
                0x00001b16                String::lastIndexOf(String const&, unsigned int) const
                0x000018c4                String::String(char const*)
                0x00001484                String::compareTo(String const&) const
                0x00001222                String::lastIndexOf(char, unsigned int) const
                0x000012d8                String::indexOf(String const&) const
                0x00001324                String::equals(String const&) const
                0x000013fc                String::operator<(String const&) const
                0x000013b8                String::operator<=(String const&) const
                0x000015c8                String::String(unsigned char)
                0x00001e86                String::String(char const*)
                0x000017cc                String::String(unsigned int, int)
                0x00002042                String::String(int, int)
                0x000019f8                String::equalsIgnoreCase(String const&) const
                0x0000128c                String::lastIndexOf(char) const
                0x00001f50                String::String(long, int)
                0x0000174e                String::String(unsigned long, int)
                0x000015fc                String::String(char)
                0x000012e2                String::indexOf(char, unsigned int) const
                0x0000115c                String::getBytes(unsigned char*, unsigned int)
                0x00001cd2                String::replace(String const&, String const&)
                0x000013da                String::operator>(String const&) const
 .text          0x000020ba      0x1ce C:\Users\Marius\Arduino\ArduinoCore\Release\libArduinoCore.a(wiring.o)
                0x00002212                init
                0x00002166                micros
                0x000021b2                delay
                0x000020ba                __vector_16
                0x0000214a                millis
                0x000021fe                delayMicroseconds
 .text          0x00002288      0x170 C:\Users\Marius\Arduino\ArduinoCore\Release\libArduinoCore.a(wiring_digital.o)
                0x00002398                digitalRead
                0x0000232e                digitalWrite
                0x00002288                pinMode
 .text          0x000023f8       0x58 c:/winavr/bin/../lib/gcc/avr/4.3.3/avr5\libgcc.a(_fixunssfsi.o)
                0x000023f8                __fixunssfsi
 .text          0x00002450      0x354 c:/winavr/bin/../lib/gcc/avr/4.3.3/avr5\libgcc.a(_addsub_sf.o)
                0x000026e8                __subsf3
                0x0000274a                __addsf3
 .text          0x000027a4      0x1f4 c:/winavr/bin/../lib/gcc/avr/4.3.3/avr5\libgcc.a(_mul_sf.o)
                0x000027a4                __mulsf3
 .text          0x00002998      0x158 c:/winavr/bin/../lib/gcc/avr/4.3.3/avr5\libgcc.a(_div_sf.o)
                0x00002998                __divsf3
 .text          0x00002af0       0x60 c:/winavr/bin/../lib/gcc/avr/4.3.3/avr5\libgcc.a(_ge_sf.o)
                0x00002af0                __gesf2
 .text          0x00002b50       0x60 c:/winavr/bin/../lib/gcc/avr/4.3.3/avr5\libgcc.a(_lt_sf.o)
                0x00002b50                __ltsf2
 .text          0x00002bb0       0xbc c:/winavr/bin/../lib/gcc/avr/4.3.3/avr5\libgcc.a(_si_to_sf.o)
                0x00002bb0                __floatsisf
 .text          0x00002c6c       0xa8 c:/winavr/bin/../lib/gcc/avr/4.3.3/avr5\libgcc.a(_sf_to_si.o)
                0x00002c6c                __fixsfsi
 .text          0x00002d14       0xf2 c:/winavr/bin/../lib/gcc/avr/4.3.3/avr5\libgcc.a(_usi_to_sf.o)
                0x00002d14                __floatunsisf
 .text          0x00002e06       0x9e c:/winavr/bin/../lib/gcc/avr/4.3.3/avr5\libgcc.a(_clzsi2.o)
                0x00002e06                __clzsi2
 .text          0x00002ea4      0x1aa c:/winavr/bin/../lib/gcc/avr/4.3.3/avr5\libgcc.a(_pack_sf.o)
                0x00002ea4                __pack_f
 .text          0x0000304e       0xf0 c:/winavr/bin/../lib/gcc/avr/4.3.3/avr5\libgcc.a(_unpack_sf.o)
                0x0000304e                __unpack_f
 .text          0x0000313e       0xb2 c:/winavr/bin/../lib/gcc/avr/4.3.3/avr5\libgcc.a(_fpcmp_parts_sf.o)
                0x0000313e                __fpcmp_parts_f
                0x000031f0                . = ALIGN (0x2)
 *(.text.*)
 .text.__cxa_pure_virtual
                0x000031f0        0x4 ./main.o
                0x000031f0                __cxa_pure_virtual
 .text._Z41__static_initialization_and_destruction_0ii
                0x000031f4       0x30 ./main.o
 .text._GLOBAL__D___cxa_pure_virtual
                0x00003224        0xe ./main.o
 .text._GLOBAL__I___cxa_pure_virtual
                0x00003232        0xe ./main.o
 .text.loop     0x00003240       0x2e ./main.o
                0x00003240                loop
 .text._Z10eepromReadv
                0x0000326e       0x92 ./main.o
                0x0000326e                eepromRead()
 .text.setup    0x00003300       0x20 ./main.o
                0x00003300                setup
 .text.main     0x00003320       0x12 ./main.o
                0x00003320                main
 .text.libgcc   0x00003332       0x26 c:/winavr/bin/../lib/gcc/avr/4.3.3/avr5\libgcc.a(_divmodhi4.o)
                0x00003332                __divmodhi4
                0x00003332                _div
 .text.libgcc   0x00003358       0x44 c:/winavr/bin/../lib/gcc/avr/4.3.3/avr5\libgcc.a(_udivmodsi4.o)
                0x00003358                __udivmodsi4
 .text.libgcc   0x0000339c       0x28 c:/winavr/bin/../lib/gcc/avr/4.3.3/avr5\libgcc.a(_udivmodhi4.o)
                0x0000339c                __udivmodhi4
 .text.libgcc   0x000033c4       0x38 c:/winavr/bin/../lib/gcc/avr/4.3.3/avr5\libgcc.a(_prologue.o)
                0x000033c4                __prologue_saves__
 .text.libgcc   0x000033fc       0x36 c:/winavr/bin/../lib/gcc/avr/4.3.3/avr5\libgcc.a(_epilogue.o)
                0x000033fc                __epilogue_restores__
 .text.libgcc   0x00003432        0xc c:/winavr/bin/../lib/gcc/avr/4.3.3/avr5\libgcc.a(_tablejump.o)
                0x00003436                __tablejump__
                0x00003432                __tablejump2__
 .text.avr-libc
                0x0000343e      0x20a c:/winavr/bin/../lib/gcc/avr/4.3.3/../../../../avr/lib/avr5\libc.a(malloc.o)
                0x0000343e                malloc
                0x00003598                free
 .text.avr-libc
                0x00003648      0x19c c:/winavr/bin/../lib/gcc/avr/4.3.3/../../../../avr/lib/avr5\libc.a(realloc.o)
                0x00003648                realloc
 .text.avr-libc
                0x000037e4       0x4e c:/winavr/bin/../lib/gcc/avr/4.3.3/../../../../avr/lib/avr5\libc.a(atol.o)
                0x000037e4                atol
 .text.avr-libc
                0x00003832       0x10 c:/winavr/bin/../lib/gcc/avr/4.3.3/../../../../avr/lib/avr5\libc.a(isspace.o)
                0x00003832                isspace
 .text.avr-libc
                0x00003842       0x10 c:/winavr/bin/../lib/gcc/avr/4.3.3/../../../../avr/lib/avr5\libc.a(tolower.o)
                0x00003842                tolower
 .text.avr-libc
                0x00003852       0x10 c:/winavr/bin/../lib/gcc/avr/4.3.3/../../../../avr/lib/avr5\libc.a(toupper.o)
                0x00003852                toupper
 .text.avr-libc
                0x00003862       0x12 c:/winavr/bin/../lib/gcc/avr/4.3.3/../../../../avr/lib/avr5\libc.a(memcpy.o)
                0x00003862                memcpy
 .text.avr-libc
                0x00003874       0x16 c:/winavr/bin/../lib/gcc/avr/4.3.3/../../../../avr/lib/avr5\libc.a(strcat.o)
                0x00003874                strcat
 .text.avr-libc
                0x0000388a       0x16 c:/winavr/bin/../lib/gcc/avr/4.3.3/../../../../avr/lib/avr5\libc.a(strchr.o)
                0x0000388a                strchr
 .text.avr-libc
                0x000038a0       0x12 c:/winavr/bin/../lib/gcc/avr/4.3.3/../../../../avr/lib/avr5\libc.a(strcmp.o)
                0x000038a0                strcmp
 .text.avr-libc
                0x000038b2        0xe c:/winavr/bin/../lib/gcc/avr/4.3.3/../../../../avr/lib/avr5\libc.a(strcpy.o)
                0x000038b2                strcpy
 .text.avr-libc
                0x000038c0       0x1c c:/winavr/bin/../lib/gcc/avr/4.3.3/../../../../avr/lib/avr5\libc.a(strncmp.o)
                0x000038c0                strncmp
 .text.avr-libc
                0x000038dc       0x1e c:/winavr/bin/../lib/gcc/avr/4.3.3/../../../../avr/lib/avr5\libc.a(strncpy.o)
                0x000038dc                strncpy
 .text.avr-libc
                0x000038fa       0x16 c:/winavr/bin/../lib/gcc/avr/4.3.3/../../../../avr/lib/avr5\libc.a(strrchr.o)
                0x000038fa                strrchr
 .text.avr-libc
                0x00003910       0x34 c:/winavr/bin/../lib/gcc/avr/4.3.3/../../../../avr/lib/avr5\libc.a(strstr.o)
                0x00003910                strstr
 .text.avr-libc
                0x00003944       0x42 c:/winavr/bin/../lib/gcc/avr/4.3.3/../../../../avr/lib/avr5\libc.a(itoa.o)
                0x00003944                itoa
 .text.avr-libc
                0x00003986       0x68 c:/winavr/bin/../lib/gcc/avr/4.3.3/../../../../avr/lib/avr5\libc.a(ltoa.o)
                0x00003986                ltoa
 .text.avr-libc
                0x000039ee       0x2a c:/winavr/bin/../lib/gcc/avr/4.3.3/../../../../avr/lib/avr5\libc.a(mulsi10.o)
                0x000039ee                __mulsi_const_10
 .text.avr-libc
                0x00003a18       0x4a c:/winavr/bin/../lib/gcc/avr/4.3.3/../../../../avr/lib/avr5\libc.a(ultoa.o)
                0x00003a18                ultoa
 .text.avr-libc
                0x00003a62       0x10 c:/winavr/bin/../lib/gcc/avr/4.3.3/../../../../avr/lib/avr5\libc.a(eerd_byte_atmega325p.o)
                0x00003a62                __eerd_byte_m325p
 .text.avr-libc
                0x00003a72       0x1a c:/winavr/bin/../lib/gcc/avr/4.3.3/../../../../avr/lib/avr5\libc.a(eewr_byte_atmega325p.o)
                0x00003a72                __eewr_byte_m325p
                0x00003a74                __eewr_r18_m325p
 .text.avr-libc
                0x00003a8c        0x6 c:/winavr/bin/../lib/gcc/avr/4.3.3/../../../../avr/lib/avr5\libc.a(cty_isfalse.o)
                0x00003a90                __ctype_istrue
                0x00003a8c                __ctype_isfalse
 .text.avr-libc
                0x00003a92       0x20 c:/winavr/bin/../lib/gcc/avr/4.3.3/../../../../avr/lib/avr5\libc.a(strrev.o)
                0x00003a92                strrev
                0x00003ab2                . = ALIGN (0x2)
 *(.fini9)
 .fini9         0x00003ab2        0x0 c:/winavr/bin/../lib/gcc/avr/4.3.3/avr5\libgcc.a(_exit.o)
                0x00003ab2                exit
                0x00003ab2                _exit
 *(.fini9)
 *(.fini8)
 *(.fini8)
 *(.fini7)
 *(.fini7)
 *(.fini6)
 .fini6         0x00003ab2       0x16 c:/winavr/bin/../lib/gcc/avr/4.3.3/avr5\libgcc.a(_dtors.o)
                0x00003ab2                __do_global_dtors
 *(.fini6)
 *(.fini5)
 *(.fini5)
 *(.fini4)
 *(.fini4)
 *(.fini3)
 *(.fini3)
 *(.fini2)
 *(.fini2)
 *(.fini1)
 *(.fini1)
 *(.fini0)
 .fini0         0x00003ac8        0x4 c:/winavr/bin/../lib/gcc/avr/4.3.3/avr5\libgcc.a(_exit.o)
 *(.fini0)
                0x00003acc                _etext = .

.data           0x00800100      0x14e load address 0x00003acc
                0x00800100                PROVIDE (__data_start, .)
 *(.data)
 .data          0x00800100        0x2 ./main.o
 .data          0x00800102        0xa C:\Users\Marius\Arduino\ArduinoLibraries\Release\libArduinoLibraries.a(NewSoftSerial.o)
                0x00800102                vtable for NewSoftSerial
 .data          0x0080010c       0x24 C:\Users\Marius\Arduino\ArduinoCore\Release\libArduinoCore.a(HardwareSerial.o)
                0x0080010c                vtable for HardwareSerial
                0x0080011e                vtable for Stream
 .data          0x00800130        0xc C:\Users\Marius\Arduino\ArduinoCore\Release\libArduinoCore.a(Print.o)
                0x00800132                vtable for Print
 .data          0x0080013c        0x1 C:\Users\Marius\Arduino\ArduinoCore\Release\libArduinoCore.a(WString.o)
 .data          0x0080013d        0x8 c:/winavr/bin/../lib/gcc/avr/4.3.3/avr5\libgcc.a(_thenan_sf.o)
                0x0080013d                __thenan_sf
 .data          0x00800145      0x100 c:/winavr/bin/../lib/gcc/avr/4.3.3/avr5\libgcc.a(_clz.o)
                0x00800145                __clz_tab
 .data          0x00800245        0x6 c:/winavr/bin/../lib/gcc/avr/4.3.3/../../../../avr/lib/avr5\libc.a(malloc.o)
                0x00800247                __malloc_heap_start
                0x00800249                __malloc_heap_end
                0x00800245                __malloc_margin
 *(.data*)
 .data.ledPin   0x0080024b        0x2 ./main.o
                0x0080024b                ledPin
 *(.rodata)
 *(.rodata*)
 *(.gnu.linkonce.d*)
                0x0080024e                . = ALIGN (0x2)
 *fill*         0x0080024d        0x1 00
                0x0080024e                _edata = .
                0x0080024e                PROVIDE (__data_end, .)

.bss            0x0080024e       0xff
                0x0080024e                PROVIDE (__bss_start, .)
 *(.bss)
 .bss           0x0080024e       0x44 C:\Users\Marius\Arduino\ArduinoLibraries\Release\libArduinoLibraries.a(NewSoftSerial.o)
                0x00800290                NewSoftSerial::_receive_buffer_tail
                0x0080024e                NewSoftSerial::active_object
                0x00800250                NewSoftSerial::_receive_buffer
                0x00800291                NewSoftSerial::_receive_buffer_head
 .bss           0x00800292        0x1 C:\Users\Marius\Arduino\ArduinoLibraries\Release\libArduinoLibraries.a(EEPROM.o)
                0x00800292                EEPROM
 .bss           0x00800293       0x97 C:\Users\Marius\Arduino\ArduinoCore\Release\libArduinoCore.a(HardwareSerial.o)
                0x00800293                rx_buffer
                0x00800317                Serial
 .bss           0x0080032a        0x1 C:\Users\Marius\Arduino\ArduinoCore\Release\libArduinoCore.a(WString.o)
 .bss           0x0080032b        0x9 C:\Users\Marius\Arduino\ArduinoCore\Release\libArduinoCore.a(wiring.o)
                0x0080032b                timer0_overflow_count
                0x0080032f                timer0_millis
 *(.bss*)
 .bss.address   0x00800334        0x2 ./main.o
                0x00800334                address
 .bss.value     0x00800336        0x1 ./main.o
                0x00800336                value
 .bss.dbP       0x00800337       0x12 ./main.o
                0x00800337                dbP
 *(COMMON)
 COMMON         0x00800349        0x4 c:/winavr/bin/../lib/gcc/avr/4.3.3/../../../../avr/lib/avr5\libc.a(malloc.o)
                0x00800349                __brkval
                0x0080034b                __flp
                0x0080034d                PROVIDE (__bss_end, .)
                0x00003acc                __data_load_start = LOADADDR (.data)
                0x00003c1a                __data_load_end = (__data_load_start + SIZEOF (.data))

.noinit         0x0080034d        0x0
                0x0080034d                PROVIDE (__noinit_start, .)
 *(.noinit*)
                0x0080034d                PROVIDE (__noinit_end, .)
                0x0080034d                _end = .
                0x0080034d                PROVIDE (__heap_start, .)

.eeprom         0x00810000        0x0
 *(.eeprom*)
                0x00810000                __eeprom_end = .

.fuse
 *(.fuse)
 *(.lfuse)
 *(.hfuse)
 *(.efuse)

.lock
 *(.lock*)

.signature
 *(.signature*)

.stab           0x00000000      0x8c4
 *(.stab)
 .stab          0x00000000      0x8c4 ./main.o
                               0x1068 (size before relaxing)

.stabstr        0x00000000     0x2f76
 *(.stabstr)
 .stabstr       0x00000000     0x2f76 ./main.o

.stab.excl
 *(.stab.excl)

.stab.exclstr
 *(.stab.exclstr)

.stab.index
 *(.stab.index)

.stab.indexstr
 *(.stab.indexstr)

.comment
 *(.comment)

.debug
 *(.debug)

.line
 *(.line)

.debug_srcinfo
 *(.debug_srcinfo)

.debug_sfnames
 *(.debug_sfnames)

.debug_aranges  0x00000000      0x1a0
 *(.debug_aranges)
 .debug_aranges
                0x00000000       0x20 c:/winavr/bin/../lib/gcc/avr/4.3.3/avr5\libgcc.a(_fixunssfsi.o)
 .debug_aranges
                0x00000020       0x20 c:/winavr/bin/../lib/gcc/avr/4.3.3/avr5\libgcc.a(_addsub_sf.o)
 .debug_aranges
                0x00000040       0x20 c:/winavr/bin/../lib/gcc/avr/4.3.3/avr5\libgcc.a(_mul_sf.o)
 .debug_aranges
                0x00000060       0x20 c:/winavr/bin/../lib/gcc/avr/4.3.3/avr5\libgcc.a(_div_sf.o)
 .debug_aranges
                0x00000080       0x20 c:/winavr/bin/../lib/gcc/avr/4.3.3/avr5\libgcc.a(_ge_sf.o)
 .debug_aranges
                0x000000a0       0x20 c:/winavr/bin/../lib/gcc/avr/4.3.3/avr5\libgcc.a(_lt_sf.o)
 .debug_aranges
                0x000000c0       0x20 c:/winavr/bin/../lib/gcc/avr/4.3.3/avr5\libgcc.a(_si_to_sf.o)
 .debug_aranges
                0x000000e0       0x20 c:/winavr/bin/../lib/gcc/avr/4.3.3/avr5\libgcc.a(_sf_to_si.o)
 .debug_aranges
                0x00000100       0x20 c:/winavr/bin/../lib/gcc/avr/4.3.3/avr5\libgcc.a(_usi_to_sf.o)
 .debug_aranges
                0x00000120       0x20 c:/winavr/bin/../lib/gcc/avr/4.3.3/avr5\libgcc.a(_clzsi2.o)
 .debug_aranges
                0x00000140       0x20 c:/winavr/bin/../lib/gcc/avr/4.3.3/avr5\libgcc.a(_pack_sf.o)
 .debug_aranges
                0x00000160       0x20 c:/winavr/bin/../lib/gcc/avr/4.3.3/avr5\libgcc.a(_unpack_sf.o)
 .debug_aranges
                0x00000180       0x20 c:/winavr/bin/../lib/gcc/avr/4.3.3/avr5\libgcc.a(_fpcmp_parts_sf.o)

.debug_pubnames
                0x00000000      0x1f6
 *(.debug_pubnames)
 .debug_pubnames
                0x00000000       0x23 c:/winavr/bin/../lib/gcc/avr/4.3.3/avr5\libgcc.a(_fixunssfsi.o)
 .debug_pubnames
                0x00000023       0x2c c:/winavr/bin/../lib/gcc/avr/4.3.3/avr5\libgcc.a(_addsub_sf.o)
 .debug_pubnames
                0x0000004f       0x1f c:/winavr/bin/../lib/gcc/avr/4.3.3/avr5\libgcc.a(_mul_sf.o)
 .debug_pubnames
                0x0000006e       0x1f c:/winavr/bin/../lib/gcc/avr/4.3.3/avr5\libgcc.a(_div_sf.o)
 .debug_pubnames
                0x0000008d       0x1e c:/winavr/bin/../lib/gcc/avr/4.3.3/avr5\libgcc.a(_ge_sf.o)
 .debug_pubnames
                0x000000ab       0x1e c:/winavr/bin/../lib/gcc/avr/4.3.3/avr5\libgcc.a(_lt_sf.o)
 .debug_pubnames
                0x000000c9       0x22 c:/winavr/bin/../lib/gcc/avr/4.3.3/avr5\libgcc.a(_si_to_sf.o)
 .debug_pubnames
                0x000000eb       0x20 c:/winavr/bin/../lib/gcc/avr/4.3.3/avr5\libgcc.a(_sf_to_si.o)
 .debug_pubnames
                0x0000010b       0x22 c:/winavr/bin/../lib/gcc/avr/4.3.3/avr5\libgcc.a(_thenan_sf.o)
 .debug_pubnames
                0x0000012d       0x24 c:/winavr/bin/../lib/gcc/avr/4.3.3/avr5\libgcc.a(_usi_to_sf.o)
 .debug_pubnames
                0x00000151       0x1f c:/winavr/bin/../lib/gcc/avr/4.3.3/avr5\libgcc.a(_clzsi2.o)
 .debug_pubnames
                0x00000170       0x1f c:/winavr/bin/../lib/gcc/avr/4.3.3/avr5\libgcc.a(_pack_sf.o)
 .debug_pubnames
                0x0000018f       0x21 c:/winavr/bin/../lib/gcc/avr/4.3.3/avr5\libgcc.a(_unpack_sf.o)
 .debug_pubnames
                0x000001b0       0x26 c:/winavr/bin/../lib/gcc/avr/4.3.3/avr5\libgcc.a(_fpcmp_parts_sf.o)
 .debug_pubnames
                0x000001d6       0x20 c:/winavr/bin/../lib/gcc/avr/4.3.3/avr5\libgcc.a(_clz.o)

.debug_info     0x00000000     0x2393
 *(.debug_info)
 .debug_info    0x00000000       0xb1 c:/winavr/bin/../lib/gcc/avr/4.3.3/avr5\libgcc.a(_fixunssfsi.o)
 .debug_info    0x000000b1      0x47a c:/winavr/bin/../lib/gcc/avr/4.3.3/avr5\libgcc.a(_addsub_sf.o)
 .debug_info    0x0000052b      0x485 c:/winavr/bin/../lib/gcc/avr/4.3.3/avr5\libgcc.a(_mul_sf.o)
 .debug_info    0x000009b0      0x3fc c:/winavr/bin/../lib/gcc/avr/4.3.3/avr5\libgcc.a(_div_sf.o)
 .debug_info    0x00000dac      0x27f c:/winavr/bin/../lib/gcc/avr/4.3.3/avr5\libgcc.a(_ge_sf.o)
 .debug_info    0x0000102b      0x27f c:/winavr/bin/../lib/gcc/avr/4.3.3/avr5\libgcc.a(_lt_sf.o)
 .debug_info    0x000012aa      0x207 c:/winavr/bin/../lib/gcc/avr/4.3.3/avr5\libgcc.a(_si_to_sf.o)
 .debug_info    0x000014b1      0x2b0 c:/winavr/bin/../lib/gcc/avr/4.3.3/avr5\libgcc.a(_sf_to_si.o)
 .debug_info    0x00001761      0x12c c:/winavr/bin/../lib/gcc/avr/4.3.3/avr5\libgcc.a(_thenan_sf.o)
 .debug_info    0x0000188d      0x206 c:/winavr/bin/../lib/gcc/avr/4.3.3/avr5\libgcc.a(_usi_to_sf.o)
 .debug_info    0x00001a93      0x117 c:/winavr/bin/../lib/gcc/avr/4.3.3/avr5\libgcc.a(_clzsi2.o)
 .debug_info    0x00001baa      0x2df c:/winavr/bin/../lib/gcc/avr/4.3.3/avr5\libgcc.a(_pack_sf.o)
 .debug_info    0x00001e89      0x251 c:/winavr/bin/../lib/gcc/avr/4.3.3/avr5\libgcc.a(_unpack_sf.o)
 .debug_info    0x000020da      0x210 c:/winavr/bin/../lib/gcc/avr/4.3.3/avr5\libgcc.a(_fpcmp_parts_sf.o)
 .debug_info    0x000022ea       0xa9 c:/winavr/bin/../lib/gcc/avr/4.3.3/avr5\libgcc.a(_clz.o)
 *(.gnu.linkonce.wi.*)

.debug_abbrev   0x00000000     0x1374
 *(.debug_abbrev)
 .debug_abbrev  0x00000000       0x5d c:/winavr/bin/../lib/gcc/avr/4.3.3/avr5\libgcc.a(_fixunssfsi.o)
 .debug_abbrev  0x0000005d      0x1ea c:/winavr/bin/../lib/gcc/avr/4.3.3/avr5\libgcc.a(_addsub_sf.o)
 .debug_abbrev  0x00000247      0x21b c:/winavr/bin/../lib/gcc/avr/4.3.3/avr5\libgcc.a(_mul_sf.o)
 .debug_abbrev  0x00000462      0x216 c:/winavr/bin/../lib/gcc/avr/4.3.3/avr5\libgcc.a(_div_sf.o)
 .debug_abbrev  0x00000678      0x15a c:/winavr/bin/../lib/gcc/avr/4.3.3/avr5\libgcc.a(_ge_sf.o)
 .debug_abbrev  0x000007d2      0x15a c:/winavr/bin/../lib/gcc/avr/4.3.3/avr5\libgcc.a(_lt_sf.o)
 .debug_abbrev  0x0000092c      0x148 c:/winavr/bin/../lib/gcc/avr/4.3.3/avr5\libgcc.a(_si_to_sf.o)
 .debug_abbrev  0x00000a74      0x17f c:/winavr/bin/../lib/gcc/avr/4.3.3/avr5\libgcc.a(_sf_to_si.o)
 .debug_abbrev  0x00000bf3       0xad c:/winavr/bin/../lib/gcc/avr/4.3.3/avr5\libgcc.a(_thenan_sf.o)
 .debug_abbrev  0x00000ca0      0x157 c:/winavr/bin/../lib/gcc/avr/4.3.3/avr5\libgcc.a(_usi_to_sf.o)
 .debug_abbrev  0x00000df7       0xc4 c:/winavr/bin/../lib/gcc/avr/4.3.3/avr5\libgcc.a(_clzsi2.o)
 .debug_abbrev  0x00000ebb      0x1c0 c:/winavr/bin/../lib/gcc/avr/4.3.3/avr5\libgcc.a(_pack_sf.o)
 .debug_abbrev  0x0000107b      0x154 c:/winavr/bin/../lib/gcc/avr/4.3.3/avr5\libgcc.a(_unpack_sf.o)
 .debug_abbrev  0x000011cf      0x13b c:/winavr/bin/../lib/gcc/avr/4.3.3/avr5\libgcc.a(_fpcmp_parts_sf.o)
 .debug_abbrev  0x0000130a       0x6a c:/winavr/bin/../lib/gcc/avr/4.3.3/avr5\libgcc.a(_clz.o)

.debug_line     0x00000000     0x1238
 *(.debug_line)
 .debug_line    0x00000000       0xa7 c:/winavr/bin/../lib/gcc/avr/4.3.3/avr5\libgcc.a(_fixunssfsi.o)
 .debug_line    0x000000a7      0x2af c:/winavr/bin/../lib/gcc/avr/4.3.3/avr5\libgcc.a(_addsub_sf.o)
 .debug_line    0x00000356      0x239 c:/winavr/bin/../lib/gcc/avr/4.3.3/avr5\libgcc.a(_mul_sf.o)
 .debug_line    0x0000058f      0x1d5 c:/winavr/bin/../lib/gcc/avr/4.3.3/avr5\libgcc.a(_div_sf.o)
 .debug_line    0x00000764       0xd3 c:/winavr/bin/../lib/gcc/avr/4.3.3/avr5\libgcc.a(_ge_sf.o)
 .debug_line    0x00000837       0xd3 c:/winavr/bin/../lib/gcc/avr/4.3.3/avr5\libgcc.a(_lt_sf.o)
 .debug_line    0x0000090a      0x135 c:/winavr/bin/../lib/gcc/avr/4.3.3/avr5\libgcc.a(_si_to_sf.o)
 .debug_line    0x00000a3f      0x109 c:/winavr/bin/../lib/gcc/avr/4.3.3/avr5\libgcc.a(_sf_to_si.o)
 .debug_line    0x00000b48       0x90 c:/winavr/bin/../lib/gcc/avr/4.3.3/avr5\libgcc.a(_thenan_sf.o)
 .debug_line    0x00000bd8      0x133 c:/winavr/bin/../lib/gcc/avr/4.3.3/avr5\libgcc.a(_usi_to_sf.o)
 .debug_line    0x00000d0b       0xa5 c:/winavr/bin/../lib/gcc/avr/4.3.3/avr5\libgcc.a(_clzsi2.o)
 .debug_line    0x00000db0      0x18a c:/winavr/bin/../lib/gcc/avr/4.3.3/avr5\libgcc.a(_pack_sf.o)
 .debug_line    0x00000f3a      0x14b c:/winavr/bin/../lib/gcc/avr/4.3.3/avr5\libgcc.a(_unpack_sf.o)
 .debug_line    0x00001085      0x137 c:/winavr/bin/../lib/gcc/avr/4.3.3/avr5\libgcc.a(_fpcmp_parts_sf.o)
 .debug_line    0x000011bc       0x7c c:/winavr/bin/../lib/gcc/avr/4.3.3/avr5\libgcc.a(_clz.o)

.debug_frame    0x00000000      0x1c0
 *(.debug_frame)
 .debug_frame   0x00000000       0x20 c:/winavr/bin/../lib/gcc/avr/4.3.3/avr5\libgcc.a(_fixunssfsi.o)
 .debug_frame   0x00000020       0x40 c:/winavr/bin/../lib/gcc/avr/4.3.3/avr5\libgcc.a(_addsub_sf.o)
 .debug_frame   0x00000060       0x20 c:/winavr/bin/../lib/gcc/avr/4.3.3/avr5\libgcc.a(_mul_sf.o)
 .debug_frame   0x00000080       0x20 c:/winavr/bin/../lib/gcc/avr/4.3.3/avr5\libgcc.a(_div_sf.o)
 .debug_frame   0x000000a0       0x20 c:/winavr/bin/../lib/gcc/avr/4.3.3/avr5\libgcc.a(_ge_sf.o)
 .debug_frame   0x000000c0       0x20 c:/winavr/bin/../lib/gcc/avr/4.3.3/avr5\libgcc.a(_lt_sf.o)
 .debug_frame   0x000000e0       0x20 c:/winavr/bin/../lib/gcc/avr/4.3.3/avr5\libgcc.a(_si_to_sf.o)
 .debug_frame   0x00000100       0x20 c:/winavr/bin/../lib/gcc/avr/4.3.3/avr5\libgcc.a(_sf_to_si.o)
 .debug_frame   0x00000120       0x20 c:/winavr/bin/../lib/gcc/avr/4.3.3/avr5\libgcc.a(_usi_to_sf.o)
 .debug_frame   0x00000140       0x20 c:/winavr/bin/../lib/gcc/avr/4.3.3/avr5\libgcc.a(_clzsi2.o)
 .debug_frame   0x00000160       0x20 c:/winavr/bin/../lib/gcc/avr/4.3.3/avr5\libgcc.a(_pack_sf.o)
 .debug_frame   0x00000180       0x20 c:/winavr/bin/../lib/gcc/avr/4.3.3/avr5\libgcc.a(_unpack_sf.o)
 .debug_frame   0x000001a0       0x20 c:/winavr/bin/../lib/gcc/avr/4.3.3/avr5\libgcc.a(_fpcmp_parts_sf.o)

.debug_str      0x00000000      0x2ff
 *(.debug_str)
 .debug_str     0x00000000       0xbf c:/winavr/bin/../lib/gcc/avr/4.3.3/avr5\libgcc.a(_fixunssfsi.o)
                                 0xfe (size before relaxing)
 .debug_str     0x000000bf      0x14d c:/winavr/bin/../lib/gcc/avr/4.3.3/avr5\libgcc.a(_addsub_sf.o)
                                0x206 (size before relaxing)
 .debug_str     0x0000020c       0x27 c:/winavr/bin/../lib/gcc/avr/4.3.3/avr5\libgcc.a(_mul_sf.o)
                                0x1bf (size before relaxing)
 .debug_str     0x00000233       0x35 c:/winavr/bin/../lib/gcc/avr/4.3.3/avr5\libgcc.a(_div_sf.o)
                                0x1c8 (size before relaxing)
 .debug_str     0x00000268        0x8 c:/winavr/bin/../lib/gcc/avr/4.3.3/avr5\libgcc.a(_ge_sf.o)
                                0x195 (size before relaxing)
 .debug_str     0x00000270        0x8 c:/winavr/bin/../lib/gcc/avr/4.3.3/avr5\libgcc.a(_lt_sf.o)
                                0x195 (size before relaxing)
 .debug_str     0x00000278       0x1e c:/winavr/bin/../lib/gcc/avr/4.3.3/avr5\libgcc.a(_si_to_sf.o)
                                0x17b (size before relaxing)
 .debug_str     0x00000296        0xa c:/winavr/bin/../lib/gcc/avr/4.3.3/avr5\libgcc.a(_sf_to_si.o)
                                0x19e (size before relaxing)
 .debug_str     0x00000000      0x103 c:/winavr/bin/../lib/gcc/avr/4.3.3/avr5\libgcc.a(_thenan_sf.o)
 .debug_str     0x000002a0       0x14 c:/winavr/bin/../lib/gcc/avr/4.3.3/avr5\libgcc.a(_usi_to_sf.o)
                                0x177 (size before relaxing)
 .debug_str     0x000002b4       0x20 c:/winavr/bin/../lib/gcc/avr/4.3.3/avr5\libgcc.a(_clzsi2.o)
                                0x111 (size before relaxing)
 .debug_str     0x000002d4       0x10 c:/winavr/bin/../lib/gcc/avr/4.3.3/avr5\libgcc.a(_pack_sf.o)
                                0x19d (size before relaxing)
 .debug_str     0x000002e4        0xb c:/winavr/bin/../lib/gcc/avr/4.3.3/avr5\libgcc.a(_unpack_sf.o)
                                0x17f (size before relaxing)
 .debug_str     0x000002ef       0x10 c:/winavr/bin/../lib/gcc/avr/4.3.3/avr5\libgcc.a(_fpcmp_parts_sf.o)
                                0x163 (size before relaxing)
 .debug_str     0x00000000       0xf4 c:/winavr/bin/../lib/gcc/avr/4.3.3/avr5\libgcc.a(_clz.o)

.debug_loc      0x00000000      0x9de
 *(.debug_loc)
 .debug_loc     0x00000000       0x34 c:/winavr/bin/../lib/gcc/avr/4.3.3/avr5\libgcc.a(_fixunssfsi.o)
 .debug_loc     0x00000034      0x32a c:/winavr/bin/../lib/gcc/avr/4.3.3/avr5\libgcc.a(_addsub_sf.o)
 .debug_loc     0x0000035e      0x104 c:/winavr/bin/../lib/gcc/avr/4.3.3/avr5\libgcc.a(_mul_sf.o)
 .debug_loc     0x00000462       0xc0 c:/winavr/bin/../lib/gcc/avr/4.3.3/avr5\libgcc.a(_div_sf.o)
 .debug_loc     0x00000522       0x3c c:/winavr/bin/../lib/gcc/avr/4.3.3/avr5\libgcc.a(_ge_sf.o)
 .debug_loc     0x0000055e       0x3c c:/winavr/bin/../lib/gcc/avr/4.3.3/avr5\libgcc.a(_lt_sf.o)
 .debug_loc     0x0000059a       0xac c:/winavr/bin/../lib/gcc/avr/4.3.3/avr5\libgcc.a(_si_to_sf.o)
 .debug_loc     0x00000646       0x7e c:/winavr/bin/../lib/gcc/avr/4.3.3/avr5\libgcc.a(_sf_to_si.o)
 .debug_loc     0x000006c4       0x4c c:/winavr/bin/../lib/gcc/avr/4.3.3/avr5\libgcc.a(_usi_to_sf.o)
 .debug_loc     0x00000710       0x94 c:/winavr/bin/../lib/gcc/avr/4.3.3/avr5\libgcc.a(_clzsi2.o)
 .debug_loc     0x000007a4      0x13e c:/winavr/bin/../lib/gcc/avr/4.3.3/avr5\libgcc.a(_pack_sf.o)
 .debug_loc     0x000008e2       0xac c:/winavr/bin/../lib/gcc/avr/4.3.3/avr5\libgcc.a(_unpack_sf.o)
 .debug_loc     0x0000098e       0x50 c:/winavr/bin/../lib/gcc/avr/4.3.3/avr5\libgcc.a(_fpcmp_parts_sf.o)

.debug_macinfo
 *(.debug_macinfo)
OUTPUT(Template.elf elf32-avr)
LOAD linker stubs

.debug_ranges   0x00000000       0x50
 .debug_ranges  0x00000000       0x50 c:/winavr/bin/../lib/gcc/avr/4.3.3/avr5\libgcc.a(_mul_sf.o)

Cross Reference Table

Symbol                                            File
EEPROM                                            C:\Users\Marius\Arduino\ArduinoLibraries\Release\libArduinoLibraries.a(EEPROM.o)
                                                  ./main.o
EEPROMClass::read(int)                            C:\Users\Marius\Arduino\ArduinoLibraries\Release\libArduinoLibraries.a(EEPROM.o)
                                                  ./main.o
EEPROMClass::write(int, unsigned char)            C:\Users\Marius\Arduino\ArduinoLibraries\Release\libArduinoLibraries.a(EEPROM.o)
                                                  ./main.o
HardwareSerial::HardwareSerial(ring_buffer*, unsigned char volatile*, unsigned char volatile*, unsigned char volatile*, unsigned char volatile*, unsigned char volatile*, unsigned char, unsigned char, unsigned char, unsigned char, unsigned char) C:\Users\Marius\Arduino\ArduinoCore\Release\libArduinoCore.a(HardwareSerial.o)
HardwareSerial::HardwareSerial(ring_buffer*, unsigned char volatile*, unsigned char volatile*, unsigned char volatile*, unsigned char volatile*, unsigned char volatile*, unsigned char, unsigned char, unsigned char, unsigned char, unsigned char) C:\Users\Marius\Arduino\ArduinoCore\Release\libArduinoCore.a(HardwareSerial.o)
HardwareSerial::available()                       C:\Users\Marius\Arduino\ArduinoCore\Release\libArduinoCore.a(HardwareSerial.o)
HardwareSerial::begin(long)                       C:\Users\Marius\Arduino\ArduinoCore\Release\libArduinoCore.a(HardwareSerial.o)
                                                  ./main.o
HardwareSerial::end()                             C:\Users\Marius\Arduino\ArduinoCore\Release\libArduinoCore.a(HardwareSerial.o)
HardwareSerial::flush()                           C:\Users\Marius\Arduino\ArduinoCore\Release\libArduinoCore.a(HardwareSerial.o)
HardwareSerial::peek()                            C:\Users\Marius\Arduino\ArduinoCore\Release\libArduinoCore.a(HardwareSerial.o)
HardwareSerial::read()                            C:\Users\Marius\Arduino\ArduinoCore\Release\libArduinoCore.a(HardwareSerial.o)
HardwareSerial::write(unsigned char)              C:\Users\Marius\Arduino\ArduinoCore\Release\libArduinoCore.a(HardwareSerial.o)
NewSoftSerial::NewSoftSerial(unsigned char, unsigned char, bool) C:\Users\Marius\Arduino\ArduinoLibraries\Release\libArduinoLibraries.a(NewSoftSerial.o)
NewSoftSerial::NewSoftSerial(unsigned char, unsigned char, bool) C:\Users\Marius\Arduino\ArduinoLibraries\Release\libArduinoLibraries.a(NewSoftSerial.o)
                                                  ./main.o
NewSoftSerial::_receive_buffer                    C:\Users\Marius\Arduino\ArduinoLibraries\Release\libArduinoLibraries.a(NewSoftSerial.o)
NewSoftSerial::_receive_buffer_head               C:\Users\Marius\Arduino\ArduinoLibraries\Release\libArduinoLibraries.a(NewSoftSerial.o)
NewSoftSerial::_receive_buffer_tail               C:\Users\Marius\Arduino\ArduinoLibraries\Release\libArduinoLibraries.a(NewSoftSerial.o)
NewSoftSerial::activate()                         C:\Users\Marius\Arduino\ArduinoLibraries\Release\libArduinoLibraries.a(NewSoftSerial.o)
NewSoftSerial::active_object                      C:\Users\Marius\Arduino\ArduinoLibraries\Release\libArduinoLibraries.a(NewSoftSerial.o)
NewSoftSerial::available()                        C:\Users\Marius\Arduino\ArduinoLibraries\Release\libArduinoLibraries.a(NewSoftSerial.o)
NewSoftSerial::begin(long)                        C:\Users\Marius\Arduino\ArduinoLibraries\Release\libArduinoLibraries.a(NewSoftSerial.o)
NewSoftSerial::enable_timer0(bool)                C:\Users\Marius\Arduino\ArduinoLibraries\Release\libArduinoLibraries.a(NewSoftSerial.o)
NewSoftSerial::end()                              C:\Users\Marius\Arduino\ArduinoLibraries\Release\libArduinoLibraries.a(NewSoftSerial.o)
NewSoftSerial::flush()                            C:\Users\Marius\Arduino\ArduinoLibraries\Release\libArduinoLibraries.a(NewSoftSerial.o)
NewSoftSerial::read()                             C:\Users\Marius\Arduino\ArduinoLibraries\Release\libArduinoLibraries.a(NewSoftSerial.o)
NewSoftSerial::recv()                             C:\Users\Marius\Arduino\ArduinoLibraries\Release\libArduinoLibraries.a(NewSoftSerial.o)
NewSoftSerial::rx_pin_read()                      C:\Users\Marius\Arduino\ArduinoLibraries\Release\libArduinoLibraries.a(NewSoftSerial.o)
NewSoftSerial::setRX(unsigned char)               C:\Users\Marius\Arduino\ArduinoLibraries\Release\libArduinoLibraries.a(NewSoftSerial.o)
NewSoftSerial::setTX(unsigned char)               C:\Users\Marius\Arduino\ArduinoLibraries\Release\libArduinoLibraries.a(NewSoftSerial.o)
NewSoftSerial::tx_pin_write(unsigned char)        C:\Users\Marius\Arduino\ArduinoLibraries\Release\libArduinoLibraries.a(NewSoftSerial.o)
NewSoftSerial::write(unsigned char)               C:\Users\Marius\Arduino\ArduinoLibraries\Release\libArduinoLibraries.a(NewSoftSerial.o)
NewSoftSerial::~NewSoftSerial()                   C:\Users\Marius\Arduino\ArduinoLibraries\Release\libArduinoLibraries.a(NewSoftSerial.o)
                                                  ./main.o
NewSoftSerial::~NewSoftSerial()                   C:\Users\Marius\Arduino\ArduinoLibraries\Release\libArduinoLibraries.a(NewSoftSerial.o)
Print::print(String const&)                       C:\Users\Marius\Arduino\ArduinoCore\Release\libArduinoCore.a(Print.o)
Print::print(char const*)                         C:\Users\Marius\Arduino\ArduinoCore\Release\libArduinoCore.a(Print.o)
                                                  ./main.o
Print::print(char, int)                           C:\Users\Marius\Arduino\ArduinoCore\Release\libArduinoCore.a(Print.o)
Print::print(double, int)                         C:\Users\Marius\Arduino\ArduinoCore\Release\libArduinoCore.a(Print.o)
Print::print(int, int)                            C:\Users\Marius\Arduino\ArduinoCore\Release\libArduinoCore.a(Print.o)
                                                  ./main.o
Print::print(long, int)                           C:\Users\Marius\Arduino\ArduinoCore\Release\libArduinoCore.a(Print.o)
Print::print(unsigned char, int)                  C:\Users\Marius\Arduino\ArduinoCore\Release\libArduinoCore.a(Print.o)
                                                  ./main.o
Print::print(unsigned int, int)                   C:\Users\Marius\Arduino\ArduinoCore\Release\libArduinoCore.a(Print.o)
Print::print(unsigned long, int)                  C:\Users\Marius\Arduino\ArduinoCore\Release\libArduinoCore.a(Print.o)
Print::printFloat(double, unsigned char)          C:\Users\Marius\Arduino\ArduinoCore\Release\libArduinoCore.a(Print.o)
Print::printNumber(unsigned long, unsigned char)  C:\Users\Marius\Arduino\ArduinoCore\Release\libArduinoCore.a(Print.o)
Print::println()                                  C:\Users\Marius\Arduino\ArduinoCore\Release\libArduinoCore.a(Print.o)
                                                  ./main.o
Print::println(String const&)                     C:\Users\Marius\Arduino\ArduinoCore\Release\libArduinoCore.a(Print.o)
Print::println(char const*)                       C:\Users\Marius\Arduino\ArduinoCore\Release\libArduinoCore.a(Print.o)
Print::println(char, int)                         C:\Users\Marius\Arduino\ArduinoCore\Release\libArduinoCore.a(Print.o)
Print::println(double, int)                       C:\Users\Marius\Arduino\ArduinoCore\Release\libArduinoCore.a(Print.o)
Print::println(int, int)                          C:\Users\Marius\Arduino\ArduinoCore\Release\libArduinoCore.a(Print.o)
Print::println(long, int)                         C:\Users\Marius\Arduino\ArduinoCore\Release\libArduinoCore.a(Print.o)
Print::println(unsigned char, int)                C:\Users\Marius\Arduino\ArduinoCore\Release\libArduinoCore.a(Print.o)
Print::println(unsigned int, int)                 C:\Users\Marius\Arduino\ArduinoCore\Release\libArduinoCore.a(Print.o)
Print::println(unsigned long, int)                C:\Users\Marius\Arduino\ArduinoCore\Release\libArduinoCore.a(Print.o)
Print::write(char const*)                         C:\Users\Marius\Arduino\ArduinoCore\Release\libArduinoCore.a(Print.o)
                                                  C:\Users\Marius\Arduino\ArduinoCore\Release\libArduinoCore.a(HardwareSerial.o)
                                                  C:\Users\Marius\Arduino\ArduinoLibraries\Release\libArduinoLibraries.a(NewSoftSerial.o)
Print::write(unsigned char const*, unsigned int)  C:\Users\Marius\Arduino\ArduinoCore\Release\libArduinoCore.a(Print.o)
                                                  C:\Users\Marius\Arduino\ArduinoCore\Release\libArduinoCore.a(HardwareSerial.o)
                                                  C:\Users\Marius\Arduino\ArduinoLibraries\Release\libArduinoLibraries.a(NewSoftSerial.o)
Serial                                            C:\Users\Marius\Arduino\ArduinoCore\Release\libArduinoCore.a(HardwareSerial.o)
                                                  ./main.o
String::String(String const&)                     C:\Users\Marius\Arduino\ArduinoCore\Release\libArduinoCore.a(WString.o)
String::String(String const&)                     C:\Users\Marius\Arduino\ArduinoCore\Release\libArduinoCore.a(WString.o)
String::String(char const*)                       C:\Users\Marius\Arduino\ArduinoCore\Release\libArduinoCore.a(WString.o)
String::String(char const*)                       C:\Users\Marius\Arduino\ArduinoCore\Release\libArduinoCore.a(WString.o)
String::String(char)                              C:\Users\Marius\Arduino\ArduinoCore\Release\libArduinoCore.a(WString.o)
String::String(char)                              C:\Users\Marius\Arduino\ArduinoCore\Release\libArduinoCore.a(WString.o)
String::String(int, int)                          C:\Users\Marius\Arduino\ArduinoCore\Release\libArduinoCore.a(WString.o)
String::String(int, int)                          C:\Users\Marius\Arduino\ArduinoCore\Release\libArduinoCore.a(WString.o)
String::String(long, int)                         C:\Users\Marius\Arduino\ArduinoCore\Release\libArduinoCore.a(WString.o)
String::String(long, int)                         C:\Users\Marius\Arduino\ArduinoCore\Release\libArduinoCore.a(WString.o)
String::String(unsigned char)                     C:\Users\Marius\Arduino\ArduinoCore\Release\libArduinoCore.a(WString.o)
String::String(unsigned char)                     C:\Users\Marius\Arduino\ArduinoCore\Release\libArduinoCore.a(WString.o)
String::String(unsigned int, int)                 C:\Users\Marius\Arduino\ArduinoCore\Release\libArduinoCore.a(WString.o)
String::String(unsigned int, int)                 C:\Users\Marius\Arduino\ArduinoCore\Release\libArduinoCore.a(WString.o)
String::String(unsigned long, int)                C:\Users\Marius\Arduino\ArduinoCore\Release\libArduinoCore.a(WString.o)
String::String(unsigned long, int)                C:\Users\Marius\Arduino\ArduinoCore\Release\libArduinoCore.a(WString.o)
String::charAt(unsigned int) const                C:\Users\Marius\Arduino\ArduinoCore\Release\libArduinoCore.a(WString.o)
String::compareTo(String const&) const            C:\Users\Marius\Arduino\ArduinoCore\Release\libArduinoCore.a(WString.o)
String::concat(String const&)                     C:\Users\Marius\Arduino\ArduinoCore\Release\libArduinoCore.a(WString.o)
String::endsWith(String const&) const             C:\Users\Marius\Arduino\ArduinoCore\Release\libArduinoCore.a(WString.o)
String::equals(String const&) const               C:\Users\Marius\Arduino\ArduinoCore\Release\libArduinoCore.a(WString.o)
String::equalsIgnoreCase(String const&) const     C:\Users\Marius\Arduino\ArduinoCore\Release\libArduinoCore.a(WString.o)
String::getBuffer(unsigned int)                   C:\Users\Marius\Arduino\ArduinoCore\Release\libArduinoCore.a(WString.o)
String::getBytes(unsigned char*, unsigned int)    C:\Users\Marius\Arduino\ArduinoCore\Release\libArduinoCore.a(WString.o)
String::indexOf(String const&) const              C:\Users\Marius\Arduino\ArduinoCore\Release\libArduinoCore.a(WString.o)
String::indexOf(String const&, unsigned int) const C:\Users\Marius\Arduino\ArduinoCore\Release\libArduinoCore.a(WString.o)
String::indexOf(char) const                       C:\Users\Marius\Arduino\ArduinoCore\Release\libArduinoCore.a(WString.o)
String::indexOf(char, unsigned int) const         C:\Users\Marius\Arduino\ArduinoCore\Release\libArduinoCore.a(WString.o)
String::lastIndexOf(String const&) const          C:\Users\Marius\Arduino\ArduinoCore\Release\libArduinoCore.a(WString.o)
String::lastIndexOf(String const&, unsigned int) const C:\Users\Marius\Arduino\ArduinoCore\Release\libArduinoCore.a(WString.o)
String::lastIndexOf(char) const                   C:\Users\Marius\Arduino\ArduinoCore\Release\libArduinoCore.a(WString.o)
String::lastIndexOf(char, unsigned int) const     C:\Users\Marius\Arduino\ArduinoCore\Release\libArduinoCore.a(WString.o)
String::operator!=(String const&) const           C:\Users\Marius\Arduino\ArduinoCore\Release\libArduinoCore.a(WString.o)
String::operator+=(String const&)                 C:\Users\Marius\Arduino\ArduinoCore\Release\libArduinoCore.a(WString.o)
String::operator<(String const&) const            C:\Users\Marius\Arduino\ArduinoCore\Release\libArduinoCore.a(WString.o)
String::operator<=(String const&) const           C:\Users\Marius\Arduino\ArduinoCore\Release\libArduinoCore.a(WString.o)
String::operator=(String const&)                  C:\Users\Marius\Arduino\ArduinoCore\Release\libArduinoCore.a(WString.o)
String::operator==(String const&) const           C:\Users\Marius\Arduino\ArduinoCore\Release\libArduinoCore.a(WString.o)
String::operator>(String const&) const            C:\Users\Marius\Arduino\ArduinoCore\Release\libArduinoCore.a(WString.o)
String::operator>=(String const&) const           C:\Users\Marius\Arduino\ArduinoCore\Release\libArduinoCore.a(WString.o)
String::operator[](unsigned int)                  C:\Users\Marius\Arduino\ArduinoCore\Release\libArduinoCore.a(WString.o)
String::operator[](unsigned int) const            C:\Users\Marius\Arduino\ArduinoCore\Release\libArduinoCore.a(WString.o)
                                                  C:\Users\Marius\Arduino\ArduinoCore\Release\libArduinoCore.a(Print.o)
String::replace(String const&, String const&)     C:\Users\Marius\Arduino\ArduinoCore\Release\libArduinoCore.a(WString.o)
String::replace(char, char)                       C:\Users\Marius\Arduino\ArduinoCore\Release\libArduinoCore.a(WString.o)
String::setCharAt(unsigned int, char)             C:\Users\Marius\Arduino\ArduinoCore\Release\libArduinoCore.a(WString.o)
String::startsWith(String const&) const           C:\Users\Marius\Arduino\ArduinoCore\Release\libArduinoCore.a(WString.o)
String::startsWith(String const&, unsigned int) const C:\Users\Marius\Arduino\ArduinoCore\Release\libArduinoCore.a(WString.o)
String::substring(unsigned int) const             C:\Users\Marius\Arduino\ArduinoCore\Release\libArduinoCore.a(WString.o)
String::substring(unsigned int, unsigned int) const C:\Users\Marius\Arduino\ArduinoCore\Release\libArduinoCore.a(WString.o)
String::toCharArray(char*, unsigned int)          C:\Users\Marius\Arduino\ArduinoCore\Release\libArduinoCore.a(WString.o)
String::toInt()                                   C:\Users\Marius\Arduino\ArduinoCore\Release\libArduinoCore.a(WString.o)
String::toLowerCase() const                       C:\Users\Marius\Arduino\ArduinoCore\Release\libArduinoCore.a(WString.o)
String::toUpperCase() const                       C:\Users\Marius\Arduino\ArduinoCore\Release\libArduinoCore.a(WString.o)
String::trim() const                              C:\Users\Marius\Arduino\ArduinoCore\Release\libArduinoCore.a(WString.o)
String::~String()                                 C:\Users\Marius\Arduino\ArduinoCore\Release\libArduinoCore.a(WString.o)
__addsf3                                          c:/winavr/bin/../lib/gcc/avr/4.3.3/avr5\libgcc.a(_addsub_sf.o)
                                                  C:\Users\Marius\Arduino\ArduinoCore\Release\libArduinoCore.a(Print.o)
__bad_interrupt                                   c:/winavr/bin/../lib/gcc/avr/4.3.3/../../../../avr/lib/avr5/crtm328p.o
__brkval                                          c:/winavr/bin/../lib/gcc/avr/4.3.3/../../../../avr/lib/avr5\libc.a(realloc.o)
                                                  c:/winavr/bin/../lib/gcc/avr/4.3.3/../../../../avr/lib/avr5\libc.a(malloc.o)
__bss_end                                         c:/winavr/bin/../lib/gcc/avr/4.3.3/avr5\libgcc.a(_clear_bss.o)
__bss_start                                       c:/winavr/bin/../lib/gcc/avr/4.3.3/avr5\libgcc.a(_clear_bss.o)
__clz_tab                                         c:/winavr/bin/../lib/gcc/avr/4.3.3/avr5\libgcc.a(_clz.o)
                                                  c:/winavr/bin/../lib/gcc/avr/4.3.3/avr5\libgcc.a(_clzsi2.o)
__clzsi2                                          c:/winavr/bin/../lib/gcc/avr/4.3.3/avr5\libgcc.a(_clzsi2.o)
                                                  c:/winavr/bin/../lib/gcc/avr/4.3.3/avr5\libgcc.a(_usi_to_sf.o)
                                                  c:/winavr/bin/../lib/gcc/avr/4.3.3/avr5\libgcc.a(_si_to_sf.o)
__ctors_end                                       c:/winavr/bin/../lib/gcc/avr/4.3.3/avr5\libgcc.a(_ctors.o)
__ctors_start                                     c:/winavr/bin/../lib/gcc/avr/4.3.3/avr5\libgcc.a(_ctors.o)
__ctype_isfalse                                   c:/winavr/bin/../lib/gcc/avr/4.3.3/../../../../avr/lib/avr5\libc.a(cty_isfalse.o)
                                                  c:/winavr/bin/../lib/gcc/avr/4.3.3/../../../../avr/lib/avr5\libc.a(isspace.o)
__ctype_istrue                                    c:/winavr/bin/../lib/gcc/avr/4.3.3/../../../../avr/lib/avr5\libc.a(cty_isfalse.o)
__cxa_guard_abort(long long*)                     ./main.o
__cxa_guard_acquire(long long*)                   ./main.o
__cxa_guard_release(long long*)                   ./main.o
__cxa_pure_virtual                                ./main.o
                                                  C:\Users\Marius\Arduino\ArduinoCore\Release\libArduinoCore.a(Print.o)
                                                  C:\Users\Marius\Arduino\ArduinoCore\Release\libArduinoCore.a(HardwareSerial.o)
__data_end                                        c:/winavr/bin/../lib/gcc/avr/4.3.3/avr5\libgcc.a(_copy_data.o)
__data_load_start                                 c:/winavr/bin/../lib/gcc/avr/4.3.3/avr5\libgcc.a(_copy_data.o)
__data_start                                      c:/winavr/bin/../lib/gcc/avr/4.3.3/avr5\libgcc.a(_copy_data.o)
__divmodhi4                                       c:/winavr/bin/../lib/gcc/avr/4.3.3/avr5\libgcc.a(_divmodhi4.o)
                                                  C:\Users\Marius\Arduino\ArduinoLibraries\Release\libArduinoLibraries.a(NewSoftSerial.o)
__divsf3                                          c:/winavr/bin/../lib/gcc/avr/4.3.3/avr5\libgcc.a(_div_sf.o)
                                                  C:\Users\Marius\Arduino\ArduinoCore\Release\libArduinoCore.a(Print.o)
__do_clear_bss                                    c:/winavr/bin/../lib/gcc/avr/4.3.3/avr5\libgcc.a(_clear_bss.o)
                                                  c:/winavr/bin/../lib/gcc/avr/4.3.3/../../../../avr/lib/avr5\libc.a(malloc.o)
                                                  C:\Users\Marius\Arduino\ArduinoCore\Release\libArduinoCore.a(wiring.o)
                                                  C:\Users\Marius\Arduino\ArduinoCore\Release\libArduinoCore.a(WString.o)
                                                  C:\Users\Marius\Arduino\ArduinoCore\Release\libArduinoCore.a(HardwareSerial.o)
                                                  C:\Users\Marius\Arduino\ArduinoLibraries\Release\libArduinoLibraries.a(EEPROM.o)
                                                  C:\Users\Marius\Arduino\ArduinoLibraries\Release\libArduinoLibraries.a(NewSoftSerial.o)
                                                  ./main.o
__do_copy_data                                    c:/winavr/bin/../lib/gcc/avr/4.3.3/avr5\libgcc.a(_copy_data.o)
                                                  c:/winavr/bin/../lib/gcc/avr/4.3.3/../../../../avr/lib/avr5\libc.a(malloc.o)
                                                  c:/winavr/bin/../lib/gcc/avr/4.3.3/avr5\libgcc.a(_clz.o)
                                                  c:/winavr/bin/../lib/gcc/avr/4.3.3/avr5\libgcc.a(_thenan_sf.o)
                                                  C:\Users\Marius\Arduino\ArduinoCore\Release\libArduinoCore.a(WString.o)
                                                  C:\Users\Marius\Arduino\ArduinoCore\Release\libArduinoCore.a(Print.o)
                                                  C:\Users\Marius\Arduino\ArduinoCore\Release\libArduinoCore.a(HardwareSerial.o)
                                                  C:\Users\Marius\Arduino\ArduinoLibraries\Release\libArduinoLibraries.a(NewSoftSerial.o)
                                                  ./main.o
__do_global_ctors                                 c:/winavr/bin/../lib/gcc/avr/4.3.3/avr5\libgcc.a(_ctors.o)
                                                  C:\Users\Marius\Arduino\ArduinoCore\Release\libArduinoCore.a(HardwareSerial.o)
                                                  ./main.o
__do_global_dtors                                 c:/winavr/bin/../lib/gcc/avr/4.3.3/avr5\libgcc.a(_dtors.o)
                                                  ./main.o
__dtors_end                                       c:/winavr/bin/../lib/gcc/avr/4.3.3/avr5\libgcc.a(_dtors.o)
__dtors_start                                     c:/winavr/bin/../lib/gcc/avr/4.3.3/avr5\libgcc.a(_dtors.o)
__eerd_byte_m325p                                 c:/winavr/bin/../lib/gcc/avr/4.3.3/../../../../avr/lib/avr5\libc.a(eerd_byte_atmega325p.o)
                                                  C:\Users\Marius\Arduino\ArduinoLibraries\Release\libArduinoLibraries.a(EEPROM.o)
__eewr_byte_m325p                                 c:/winavr/bin/../lib/gcc/avr/4.3.3/../../../../avr/lib/avr5\libc.a(eewr_byte_atmega325p.o)
                                                  C:\Users\Marius\Arduino\ArduinoLibraries\Release\libArduinoLibraries.a(EEPROM.o)
__eewr_r18_m325p                                  c:/winavr/bin/../lib/gcc/avr/4.3.3/../../../../avr/lib/avr5\libc.a(eewr_byte_atmega325p.o)
__epilogue_restores__                             c:/winavr/bin/../lib/gcc/avr/4.3.3/avr5\libgcc.a(_epilogue.o)
                                                  c:/winavr/bin/../lib/gcc/avr/4.3.3/../../../../avr/lib/avr5\libc.a(realloc.o)
                                                  c:/winavr/bin/../lib/gcc/avr/4.3.3/avr5\libgcc.a(_usi_to_sf.o)
                                                  c:/winavr/bin/../lib/gcc/avr/4.3.3/avr5\libgcc.a(_sf_to_si.o)
                                                  c:/winavr/bin/../lib/gcc/avr/4.3.3/avr5\libgcc.a(_si_to_sf.o)
                                                  c:/winavr/bin/../lib/gcc/avr/4.3.3/avr5\libgcc.a(_lt_sf.o)
                                                  c:/winavr/bin/../lib/gcc/avr/4.3.3/avr5\libgcc.a(_ge_sf.o)
                                                  c:/winavr/bin/../lib/gcc/avr/4.3.3/avr5\libgcc.a(_div_sf.o)
                                                  c:/winavr/bin/../lib/gcc/avr/4.3.3/avr5\libgcc.a(_mul_sf.o)
                                                  c:/winavr/bin/../lib/gcc/avr/4.3.3/avr5\libgcc.a(_addsub_sf.o)
__fixsfsi                                         c:/winavr/bin/../lib/gcc/avr/4.3.3/avr5\libgcc.a(_sf_to_si.o)
                                                  c:/winavr/bin/../lib/gcc/avr/4.3.3/avr5\libgcc.a(_fixunssfsi.o)
                                                  C:\Users\Marius\Arduino\ArduinoCore\Release\libArduinoCore.a(Print.o)
__fixunssfsi                                      c:/winavr/bin/../lib/gcc/avr/4.3.3/avr5\libgcc.a(_fixunssfsi.o)
                                                  C:\Users\Marius\Arduino\ArduinoCore\Release\libArduinoCore.a(Print.o)
__floatsisf                                       c:/winavr/bin/../lib/gcc/avr/4.3.3/avr5\libgcc.a(_si_to_sf.o)
                                                  C:\Users\Marius\Arduino\ArduinoCore\Release\libArduinoCore.a(Print.o)
__floatunsisf                                     c:/winavr/bin/../lib/gcc/avr/4.3.3/avr5\libgcc.a(_usi_to_sf.o)
                                                  C:\Users\Marius\Arduino\ArduinoCore\Release\libArduinoCore.a(Print.o)
__flp                                             c:/winavr/bin/../lib/gcc/avr/4.3.3/../../../../avr/lib/avr5\libc.a(realloc.o)
                                                  c:/winavr/bin/../lib/gcc/avr/4.3.3/../../../../avr/lib/avr5\libc.a(malloc.o)
__fpcmp_parts_f                                   c:/winavr/bin/../lib/gcc/avr/4.3.3/avr5\libgcc.a(_fpcmp_parts_sf.o)
                                                  c:/winavr/bin/../lib/gcc/avr/4.3.3/avr5\libgcc.a(_lt_sf.o)
                                                  c:/winavr/bin/../lib/gcc/avr/4.3.3/avr5\libgcc.a(_ge_sf.o)
__gesf2                                           c:/winavr/bin/../lib/gcc/avr/4.3.3/avr5\libgcc.a(_ge_sf.o)
                                                  c:/winavr/bin/../lib/gcc/avr/4.3.3/avr5\libgcc.a(_fixunssfsi.o)
__heap_end                                        c:/winavr/bin/../lib/gcc/avr/4.3.3/../../../../avr/lib/avr5/crtm328p.o
                                                  c:/winavr/bin/../lib/gcc/avr/4.3.3/../../../../avr/lib/avr5\libc.a(malloc.o)
__heap_start                                      c:/winavr/bin/../lib/gcc/avr/4.3.3/../../../../avr/lib/avr5\libc.a(malloc.o)
__init                                            c:/winavr/bin/../lib/gcc/avr/4.3.3/../../../../avr/lib/avr5/crtm328p.o
__ltsf2                                           c:/winavr/bin/../lib/gcc/avr/4.3.3/avr5\libgcc.a(_lt_sf.o)
                                                  C:\Users\Marius\Arduino\ArduinoCore\Release\libArduinoCore.a(Print.o)
__malloc_heap_end                                 c:/winavr/bin/../lib/gcc/avr/4.3.3/../../../../avr/lib/avr5\libc.a(malloc.o)
                                                  c:/winavr/bin/../lib/gcc/avr/4.3.3/../../../../avr/lib/avr5\libc.a(realloc.o)
__malloc_heap_start                               c:/winavr/bin/../lib/gcc/avr/4.3.3/../../../../avr/lib/avr5\libc.a(malloc.o)
__malloc_margin                                   c:/winavr/bin/../lib/gcc/avr/4.3.3/../../../../avr/lib/avr5\libc.a(malloc.o)
                                                  c:/winavr/bin/../lib/gcc/avr/4.3.3/../../../../avr/lib/avr5\libc.a(realloc.o)
__mulsf3                                          c:/winavr/bin/../lib/gcc/avr/4.3.3/avr5\libgcc.a(_mul_sf.o)
                                                  C:\Users\Marius\Arduino\ArduinoCore\Release\libArduinoCore.a(Print.o)
__mulsi_const_10                                  c:/winavr/bin/../lib/gcc/avr/4.3.3/../../../../avr/lib/avr5\libc.a(mulsi10.o)
                                                  c:/winavr/bin/../lib/gcc/avr/4.3.3/../../../../avr/lib/avr5\libc.a(atol.o)
__pack_f                                          c:/winavr/bin/../lib/gcc/avr/4.3.3/avr5\libgcc.a(_pack_sf.o)
                                                  c:/winavr/bin/../lib/gcc/avr/4.3.3/avr5\libgcc.a(_usi_to_sf.o)
                                                  c:/winavr/bin/../lib/gcc/avr/4.3.3/avr5\libgcc.a(_si_to_sf.o)
                                                  c:/winavr/bin/../lib/gcc/avr/4.3.3/avr5\libgcc.a(_div_sf.o)
                                                  c:/winavr/bin/../lib/gcc/avr/4.3.3/avr5\libgcc.a(_mul_sf.o)
                                                  c:/winavr/bin/../lib/gcc/avr/4.3.3/avr5\libgcc.a(_addsub_sf.o)
__prologue_saves__                                c:/winavr/bin/../lib/gcc/avr/4.3.3/avr5\libgcc.a(_prologue.o)
                                                  c:/winavr/bin/../lib/gcc/avr/4.3.3/../../../../avr/lib/avr5\libc.a(realloc.o)
                                                  c:/winavr/bin/../lib/gcc/avr/4.3.3/avr5\libgcc.a(_usi_to_sf.o)
                                                  c:/winavr/bin/../lib/gcc/avr/4.3.3/avr5\libgcc.a(_sf_to_si.o)
                                                  c:/winavr/bin/../lib/gcc/avr/4.3.3/avr5\libgcc.a(_si_to_sf.o)
                                                  c:/winavr/bin/../lib/gcc/avr/4.3.3/avr5\libgcc.a(_lt_sf.o)
                                                  c:/winavr/bin/../lib/gcc/avr/4.3.3/avr5\libgcc.a(_ge_sf.o)
                                                  c:/winavr/bin/../lib/gcc/avr/4.3.3/avr5\libgcc.a(_div_sf.o)
                                                  c:/winavr/bin/../lib/gcc/avr/4.3.3/avr5\libgcc.a(_mul_sf.o)
                                                  c:/winavr/bin/../lib/gcc/avr/4.3.3/avr5\libgcc.a(_addsub_sf.o)
__stack                                           c:/winavr/bin/../lib/gcc/avr/4.3.3/../../../../avr/lib/avr5/crtm328p.o
__subsf3                                          c:/winavr/bin/../lib/gcc/avr/4.3.3/avr5\libgcc.a(_addsub_sf.o)
                                                  c:/winavr/bin/../lib/gcc/avr/4.3.3/avr5\libgcc.a(_fixunssfsi.o)
                                                  C:\Users\Marius\Arduino\ArduinoCore\Release\libArduinoCore.a(Print.o)
__tablejump2__                                    c:/winavr/bin/../lib/gcc/avr/4.3.3/avr5\libgcc.a(_tablejump.o)
__tablejump__                                     c:/winavr/bin/../lib/gcc/avr/4.3.3/avr5\libgcc.a(_tablejump.o)
                                                  c:/winavr/bin/../lib/gcc/avr/4.3.3/avr5\libgcc.a(_dtors.o)
                                                  c:/winavr/bin/../lib/gcc/avr/4.3.3/avr5\libgcc.a(_ctors.o)
__thenan_sf                                       c:/winavr/bin/../lib/gcc/avr/4.3.3/avr5\libgcc.a(_thenan_sf.o)
                                                  c:/winavr/bin/../lib/gcc/avr/4.3.3/avr5\libgcc.a(_div_sf.o)
                                                  c:/winavr/bin/../lib/gcc/avr/4.3.3/avr5\libgcc.a(_mul_sf.o)
                                                  c:/winavr/bin/../lib/gcc/avr/4.3.3/avr5\libgcc.a(_addsub_sf.o)
__udivmodhi4                                      c:/winavr/bin/../lib/gcc/avr/4.3.3/avr5\libgcc.a(_udivmodhi4.o)
                                                  c:/winavr/bin/../lib/gcc/avr/4.3.3/../../../../avr/lib/avr5\libc.a(itoa.o)
                                                  c:/winavr/bin/../lib/gcc/avr/4.3.3/avr5\libgcc.a(_divmodhi4.o)
__udivmodsi4                                      c:/winavr/bin/../lib/gcc/avr/4.3.3/avr5\libgcc.a(_udivmodsi4.o)
                                                  c:/winavr/bin/../lib/gcc/avr/4.3.3/../../../../avr/lib/avr5\libc.a(ultoa.o)
                                                  c:/winavr/bin/../lib/gcc/avr/4.3.3/../../../../avr/lib/avr5\libc.a(ltoa.o)
                                                  C:\Users\Marius\Arduino\ArduinoCore\Release\libArduinoCore.a(Print.o)
                                                  C:\Users\Marius\Arduino\ArduinoCore\Release\libArduinoCore.a(HardwareSerial.o)
__unpack_f                                        c:/winavr/bin/../lib/gcc/avr/4.3.3/avr5\libgcc.a(_unpack_sf.o)
                                                  c:/winavr/bin/../lib/gcc/avr/4.3.3/avr5\libgcc.a(_sf_to_si.o)
                                                  c:/winavr/bin/../lib/gcc/avr/4.3.3/avr5\libgcc.a(_lt_sf.o)
                                                  c:/winavr/bin/../lib/gcc/avr/4.3.3/avr5\libgcc.a(_ge_sf.o)
                                                  c:/winavr/bin/../lib/gcc/avr/4.3.3/avr5\libgcc.a(_div_sf.o)
                                                  c:/winavr/bin/../lib/gcc/avr/4.3.3/avr5\libgcc.a(_mul_sf.o)
                                                  c:/winavr/bin/../lib/gcc/avr/4.3.3/avr5\libgcc.a(_addsub_sf.o)
__vector_1                                        c:/winavr/bin/../lib/gcc/avr/4.3.3/../../../../avr/lib/avr5/crtm328p.o
__vector_10                                       c:/winavr/bin/../lib/gcc/avr/4.3.3/../../../../avr/lib/avr5/crtm328p.o
__vector_11                                       c:/winavr/bin/../lib/gcc/avr/4.3.3/../../../../avr/lib/avr5/crtm328p.o
__vector_12                                       c:/winavr/bin/../lib/gcc/avr/4.3.3/../../../../avr/lib/avr5/crtm328p.o
__vector_13                                       c:/winavr/bin/../lib/gcc/avr/4.3.3/../../../../avr/lib/avr5/crtm328p.o
__vector_14                                       c:/winavr/bin/../lib/gcc/avr/4.3.3/../../../../avr/lib/avr5/crtm328p.o
__vector_15                                       c:/winavr/bin/../lib/gcc/avr/4.3.3/../../../../avr/lib/avr5/crtm328p.o
__vector_16                                       C:\Users\Marius\Arduino\ArduinoCore\Release\libArduinoCore.a(wiring.o)
                                                  c:/winavr/bin/../lib/gcc/avr/4.3.3/../../../../avr/lib/avr5/crtm328p.o
__vector_17                                       c:/winavr/bin/../lib/gcc/avr/4.3.3/../../../../avr/lib/avr5/crtm328p.o
__vector_18                                       C:\Users\Marius\Arduino\ArduinoCore\Release\libArduinoCore.a(HardwareSerial.o)
                                                  c:/winavr/bin/../lib/gcc/avr/4.3.3/../../../../avr/lib/avr5/crtm328p.o
__vector_19                                       c:/winavr/bin/../lib/gcc/avr/4.3.3/../../../../avr/lib/avr5/crtm328p.o
__vector_2                                        C:\Users\Marius\Arduino\ArduinoLibraries\Release\libArduinoLibraries.a(NewSoftSerial.o)
                                                  c:/winavr/bin/../lib/gcc/avr/4.3.3/../../../../avr/lib/avr5/crtm328p.o
__vector_20                                       c:/winavr/bin/../lib/gcc/avr/4.3.3/../../../../avr/lib/avr5/crtm328p.o
__vector_21                                       c:/winavr/bin/../lib/gcc/avr/4.3.3/../../../../avr/lib/avr5/crtm328p.o
__vector_22                                       c:/winavr/bin/../lib/gcc/avr/4.3.3/../../../../avr/lib/avr5/crtm328p.o
__vector_23                                       c:/winavr/bin/../lib/gcc/avr/4.3.3/../../../../avr/lib/avr5/crtm328p.o
__vector_24                                       c:/winavr/bin/../lib/gcc/avr/4.3.3/../../../../avr/lib/avr5/crtm328p.o
__vector_25                                       c:/winavr/bin/../lib/gcc/avr/4.3.3/../../../../avr/lib/avr5/crtm328p.o
__vector_3                                        C:\Users\Marius\Arduino\ArduinoLibraries\Release\libArduinoLibraries.a(NewSoftSerial.o)
                                                  c:/winavr/bin/../lib/gcc/avr/4.3.3/../../../../avr/lib/avr5/crtm328p.o
__vector_4                                        c:/winavr/bin/../lib/gcc/avr/4.3.3/../../../../avr/lib/avr5/crtm328p.o
__vector_5                                        c:/winavr/bin/../lib/gcc/avr/4.3.3/../../../../avr/lib/avr5/crtm328p.o
__vector_6                                        c:/winavr/bin/../lib/gcc/avr/4.3.3/../../../../avr/lib/avr5/crtm328p.o
__vector_7                                        c:/winavr/bin/../lib/gcc/avr/4.3.3/../../../../avr/lib/avr5/crtm328p.o
__vector_8                                        c:/winavr/bin/../lib/gcc/avr/4.3.3/../../../../avr/lib/avr5/crtm328p.o
__vector_9                                        c:/winavr/bin/../lib/gcc/avr/4.3.3/../../../../avr/lib/avr5/crtm328p.o
__vector_default                                  c:/winavr/bin/../lib/gcc/avr/4.3.3/../../../../avr/lib/avr5/crtm328p.o
__vectors                                         c:/winavr/bin/../lib/gcc/avr/4.3.3/../../../../avr/lib/avr5/crtm328p.o
_div                                              c:/winavr/bin/../lib/gcc/avr/4.3.3/avr5\libgcc.a(_divmodhi4.o)
_exit                                             c:/winavr/bin/../lib/gcc/avr/4.3.3/avr5\libgcc.a(_exit.o)
address                                           ./main.o
atol                                              c:/winavr/bin/../lib/gcc/avr/4.3.3/../../../../avr/lib/avr5\libc.a(atol.o)
                                                  C:\Users\Marius\Arduino\ArduinoCore\Release\libArduinoCore.a(WString.o)
dbP                                               ./main.o
delay                                             C:\Users\Marius\Arduino\ArduinoCore\Release\libArduinoCore.a(wiring.o)
                                                  ./main.o
delayMicroseconds                                 C:\Users\Marius\Arduino\ArduinoCore\Release\libArduinoCore.a(wiring.o)
digitalRead                                       C:\Users\Marius\Arduino\ArduinoCore\Release\libArduinoCore.a(wiring_digital.o)
digitalWrite                                      C:\Users\Marius\Arduino\ArduinoCore\Release\libArduinoCore.a(wiring_digital.o)
                                                  C:\Users\Marius\Arduino\ArduinoLibraries\Release\libArduinoLibraries.a(NewSoftSerial.o)
                                                  ./main.o
digital_pin_to_bit_mask_PGM                       C:\Users\Marius\Arduino\ArduinoCore\Release\libArduinoCore.a(pins_arduino.o)
                                                  C:\Users\Marius\Arduino\ArduinoCore\Release\libArduinoCore.a(wiring_digital.o)
                                                  C:\Users\Marius\Arduino\ArduinoLibraries\Release\libArduinoLibraries.a(NewSoftSerial.o)
digital_pin_to_port_PGM                           C:\Users\Marius\Arduino\ArduinoCore\Release\libArduinoCore.a(pins_arduino.o)
                                                  C:\Users\Marius\Arduino\ArduinoCore\Release\libArduinoCore.a(wiring_digital.o)
                                                  C:\Users\Marius\Arduino\ArduinoLibraries\Release\libArduinoLibraries.a(NewSoftSerial.o)
digital_pin_to_timer_PGM                          C:\Users\Marius\Arduino\ArduinoCore\Release\libArduinoCore.a(pins_arduino.o)
                                                  C:\Users\Marius\Arduino\ArduinoCore\Release\libArduinoCore.a(wiring_digital.o)
eepromRead()                                      ./main.o
eepromWrite()                                     ./main.o
exit                                              c:/winavr/bin/../lib/gcc/avr/4.3.3/avr5\libgcc.a(_exit.o)
                                                  c:/winavr/bin/../lib/gcc/avr/4.3.3/../../../../avr/lib/avr5/crtm328p.o
free                                              c:/winavr/bin/../lib/gcc/avr/4.3.3/../../../../avr/lib/avr5\libc.a(malloc.o)
                                                  c:/winavr/bin/../lib/gcc/avr/4.3.3/../../../../avr/lib/avr5\libc.a(realloc.o)
                                                  C:\Users\Marius\Arduino\ArduinoCore\Release\libArduinoCore.a(WString.o)
                                                  ./main.o
init                                              C:\Users\Marius\Arduino\ArduinoCore\Release\libArduinoCore.a(wiring.o)
                                                  ./main.o
isspace                                           c:/winavr/bin/../lib/gcc/avr/4.3.3/../../../../avr/lib/avr5\libc.a(isspace.o)
                                                  C:\Users\Marius\Arduino\ArduinoCore\Release\libArduinoCore.a(WString.o)
itoa                                              c:/winavr/bin/../lib/gcc/avr/4.3.3/../../../../avr/lib/avr5\libc.a(itoa.o)
                                                  C:\Users\Marius\Arduino\ArduinoCore\Release\libArduinoCore.a(WString.o)
ledPin                                            ./main.o
loop                                              ./main.o
ltoa                                              c:/winavr/bin/../lib/gcc/avr/4.3.3/../../../../avr/lib/avr5\libc.a(ltoa.o)
                                                  C:\Users\Marius\Arduino\ArduinoCore\Release\libArduinoCore.a(WString.o)
main                                              ./main.o
                                                  c:/winavr/bin/../lib/gcc/avr/4.3.3/../../../../avr/lib/avr5/crtm328p.o
malloc                                            c:/winavr/bin/../lib/gcc/avr/4.3.3/../../../../avr/lib/avr5\libc.a(malloc.o)
                                                  c:/winavr/bin/../lib/gcc/avr/4.3.3/../../../../avr/lib/avr5\libc.a(realloc.o)
                                                  C:\Users\Marius\Arduino\ArduinoCore\Release\libArduinoCore.a(WString.o)
                                                  ./main.o
memcpy                                            c:/winavr/bin/../lib/gcc/avr/4.3.3/../../../../avr/lib/avr5\libc.a(memcpy.o)
                                                  c:/winavr/bin/../lib/gcc/avr/4.3.3/../../../../avr/lib/avr5\libc.a(realloc.o)
micros                                            C:\Users\Marius\Arduino\ArduinoCore\Release\libArduinoCore.a(wiring.o)
millis                                            C:\Users\Marius\Arduino\ArduinoCore\Release\libArduinoCore.a(wiring.o)
operator delete(void*)                            ./main.o
operator delete[](void*)                          ./main.o
operator new(unsigned int)                        ./main.o
operator new[](unsigned int)                      ./main.o
pinMode                                           C:\Users\Marius\Arduino\ArduinoCore\Release\libArduinoCore.a(wiring_digital.o)
                                                  C:\Users\Marius\Arduino\ArduinoLibraries\Release\libArduinoLibraries.a(NewSoftSerial.o)
                                                  ./main.o
port_to_input_PGM                                 C:\Users\Marius\Arduino\ArduinoCore\Release\libArduinoCore.a(pins_arduino.o)
                                                  C:\Users\Marius\Arduino\ArduinoCore\Release\libArduinoCore.a(wiring_digital.o)
                                                  C:\Users\Marius\Arduino\ArduinoLibraries\Release\libArduinoLibraries.a(NewSoftSerial.o)
port_to_mode_PGM                                  C:\Users\Marius\Arduino\ArduinoCore\Release\libArduinoCore.a(pins_arduino.o)
                                                  C:\Users\Marius\Arduino\ArduinoCore\Release\libArduinoCore.a(wiring_digital.o)
port_to_output_PGM                                C:\Users\Marius\Arduino\ArduinoCore\Release\libArduinoCore.a(pins_arduino.o)
                                                  C:\Users\Marius\Arduino\ArduinoCore\Release\libArduinoCore.a(wiring_digital.o)
                                                  C:\Users\Marius\Arduino\ArduinoLibraries\Release\libArduinoLibraries.a(NewSoftSerial.o)
realloc                                           c:/winavr/bin/../lib/gcc/avr/4.3.3/../../../../avr/lib/avr5\libc.a(realloc.o)
                                                  C:\Users\Marius\Arduino\ArduinoCore\Release\libArduinoCore.a(WString.o)
rx_buffer                                         C:\Users\Marius\Arduino\ArduinoCore\Release\libArduinoCore.a(HardwareSerial.o)
setup                                             ./main.o
strcat                                            c:/winavr/bin/../lib/gcc/avr/4.3.3/../../../../avr/lib/avr5\libc.a(strcat.o)
                                                  C:\Users\Marius\Arduino\ArduinoCore\Release\libArduinoCore.a(WString.o)
strchr                                            c:/winavr/bin/../lib/gcc/avr/4.3.3/../../../../avr/lib/avr5\libc.a(strchr.o)
                                                  C:\Users\Marius\Arduino\ArduinoCore\Release\libArduinoCore.a(WString.o)
strcmp                                            c:/winavr/bin/../lib/gcc/avr/4.3.3/../../../../avr/lib/avr5\libc.a(strcmp.o)
                                                  C:\Users\Marius\Arduino\ArduinoCore\Release\libArduinoCore.a(WString.o)
strcpy                                            c:/winavr/bin/../lib/gcc/avr/4.3.3/../../../../avr/lib/avr5\libc.a(strcpy.o)
                                                  C:\Users\Marius\Arduino\ArduinoCore\Release\libArduinoCore.a(WString.o)
strncmp                                           c:/winavr/bin/../lib/gcc/avr/4.3.3/../../../../avr/lib/avr5\libc.a(strncmp.o)
                                                  C:\Users\Marius\Arduino\ArduinoCore\Release\libArduinoCore.a(WString.o)
strncpy                                           c:/winavr/bin/../lib/gcc/avr/4.3.3/../../../../avr/lib/avr5\libc.a(strncpy.o)
                                                  C:\Users\Marius\Arduino\ArduinoCore\Release\libArduinoCore.a(WString.o)
strrchr                                           c:/winavr/bin/../lib/gcc/avr/4.3.3/../../../../avr/lib/avr5\libc.a(strrchr.o)
                                                  C:\Users\Marius\Arduino\ArduinoCore\Release\libArduinoCore.a(WString.o)
strrev                                            c:/winavr/bin/../lib/gcc/avr/4.3.3/../../../../avr/lib/avr5\libc.a(strrev.o)
                                                  c:/winavr/bin/../lib/gcc/avr/4.3.3/../../../../avr/lib/avr5\libc.a(ultoa.o)
                                                  c:/winavr/bin/../lib/gcc/avr/4.3.3/../../../../avr/lib/avr5\libc.a(ltoa.o)
                                                  c:/winavr/bin/../lib/gcc/avr/4.3.3/../../../../avr/lib/avr5\libc.a(itoa.o)
strstr                                            c:/winavr/bin/../lib/gcc/avr/4.3.3/../../../../avr/lib/avr5\libc.a(strstr.o)
                                                  C:\Users\Marius\Arduino\ArduinoCore\Release\libArduinoCore.a(WString.o)
timer0_millis                                     C:\Users\Marius\Arduino\ArduinoCore\Release\libArduinoCore.a(wiring.o)
timer0_overflow_count                             C:\Users\Marius\Arduino\ArduinoCore\Release\libArduinoCore.a(wiring.o)
tolower                                           c:/winavr/bin/../lib/gcc/avr/4.3.3/../../../../avr/lib/avr5\libc.a(tolower.o)
                                                  C:\Users\Marius\Arduino\ArduinoCore\Release\libArduinoCore.a(WString.o)
toupper                                           c:/winavr/bin/../lib/gcc/avr/4.3.3/../../../../avr/lib/avr5\libc.a(toupper.o)
                                                  C:\Users\Marius\Arduino\ArduinoCore\Release\libArduinoCore.a(WString.o)
ultoa                                             c:/winavr/bin/../lib/gcc/avr/4.3.3/../../../../avr/lib/avr5\libc.a(ultoa.o)
                                                  C:\Users\Marius\Arduino\ArduinoCore\Release\libArduinoCore.a(WString.o)
value                                             ./main.o
vtable for HardwareSerial                         C:\Users\Marius\Arduino\ArduinoCore\Release\libArduinoCore.a(HardwareSerial.o)
vtable for NewSoftSerial                          C:\Users\Marius\Arduino\ArduinoLibraries\Release\libArduinoLibraries.a(NewSoftSerial.o)
vtable for Print                                  C:\Users\Marius\Arduino\ArduinoCore\Release\libArduinoCore.a(Print.o)
vtable for Stream                                 C:\Users\Marius\Arduino\ArduinoCore\Release\libArduinoCore.a(HardwareSerial.o)
